Archive member included to satisfy reference by file (symbol)

/usr/lib/gcc/arm-none-eabi/4.9.3/../../../arm-none-eabi/lib/armv7e-m/softfp/libg.a(lib_a-atexit.o)
                              /usr/lib/gcc/arm-none-eabi/4.9.3/../../../arm-none-eabi/lib/armv7e-m/softfp/crt0.o (atexit)
/usr/lib/gcc/arm-none-eabi/4.9.3/../../../arm-none-eabi/lib/armv7e-m/softfp/libg.a(lib_a-ctype_.o)
                              parser.o (__ctype_ptr__)
/usr/lib/gcc/arm-none-eabi/4.9.3/../../../arm-none-eabi/lib/armv7e-m/softfp/libg.a(lib_a-errno.o)
                              syscall.o (__errno)
/usr/lib/gcc/arm-none-eabi/4.9.3/../../../arm-none-eabi/lib/armv7e-m/softfp/libg.a(lib_a-exit.o)
                              /usr/lib/gcc/arm-none-eabi/4.9.3/../../../arm-none-eabi/lib/armv7e-m/softfp/crt0.o (exit)
/usr/lib/gcc/arm-none-eabi/4.9.3/../../../arm-none-eabi/lib/armv7e-m/softfp/libg.a(lib_a-fini.o)
                              /usr/lib/gcc/arm-none-eabi/4.9.3/../../../arm-none-eabi/lib/armv7e-m/softfp/crt0.o (__libc_fini_array)
/usr/lib/gcc/arm-none-eabi/4.9.3/../../../arm-none-eabi/lib/armv7e-m/softfp/libg.a(lib_a-impure.o)
                              /usr/lib/gcc/arm-none-eabi/4.9.3/../../../arm-none-eabi/lib/armv7e-m/softfp/libg.a(lib_a-exit.o) (_global_impure_ptr)
/usr/lib/gcc/arm-none-eabi/4.9.3/../../../arm-none-eabi/lib/armv7e-m/softfp/libg.a(lib_a-init.o)
                              /usr/lib/gcc/arm-none-eabi/4.9.3/../../../arm-none-eabi/lib/armv7e-m/softfp/crt0.o (__libc_init_array)
/usr/lib/gcc/arm-none-eabi/4.9.3/../../../arm-none-eabi/lib/armv7e-m/softfp/libg.a(lib_a-memset.o)
                              /usr/lib/gcc/arm-none-eabi/4.9.3/../../../arm-none-eabi/lib/armv7e-m/softfp/crt0.o (memset)
/usr/lib/gcc/arm-none-eabi/4.9.3/../../../arm-none-eabi/lib/armv7e-m/softfp/libg.a(lib_a-putchar.o)
                              parser.o (putchar)
/usr/lib/gcc/arm-none-eabi/4.9.3/../../../arm-none-eabi/lib/armv7e-m/softfp/libg.a(lib_a-puts.o)
                              main.o (puts)
/usr/lib/gcc/arm-none-eabi/4.9.3/../../../arm-none-eabi/lib/armv7e-m/softfp/libg.a(lib_a-setvbuf.o)
                              terminal.o (setvbuf)
/usr/lib/gcc/arm-none-eabi/4.9.3/../../../arm-none-eabi/lib/armv7e-m/softfp/libg.a(lib_a-strcasecmp.o)
                              parser.o (strcasecmp)
/usr/lib/gcc/arm-none-eabi/4.9.3/../../../arm-none-eabi/lib/armv7e-m/softfp/libg.a(lib_a-strcpy.o)
                              parser.o (strcpy)
/usr/lib/gcc/arm-none-eabi/4.9.3/../../../arm-none-eabi/lib/armv7e-m/softfp/libg.a(lib_a-strlen.o)
                              parser.o (strlen)
/usr/lib/gcc/arm-none-eabi/4.9.3/../../../arm-none-eabi/lib/armv7e-m/softfp/libg.a(lib_a-strtok.o)
                              parser.o (strtok)
/usr/lib/gcc/arm-none-eabi/4.9.3/../../../arm-none-eabi/lib/armv7e-m/softfp/libg.a(lib_a-strtok_r.o)
                              /usr/lib/gcc/arm-none-eabi/4.9.3/../../../arm-none-eabi/lib/armv7e-m/softfp/libg.a(lib_a-strtok.o) (__strtok_r)
/usr/lib/gcc/arm-none-eabi/4.9.3/../../../arm-none-eabi/lib/armv7e-m/softfp/libg.a(lib_a-strtol.o)
                              parser.o (strtol)
/usr/lib/gcc/arm-none-eabi/4.9.3/../../../arm-none-eabi/lib/armv7e-m/softfp/libg.a(lib_a-strtoul.o)
                              parser.o (strtoul)
/usr/lib/gcc/arm-none-eabi/4.9.3/../../../arm-none-eabi/lib/armv7e-m/softfp/libg.a(lib_a-__atexit.o)
                              /usr/lib/gcc/arm-none-eabi/4.9.3/../../../arm-none-eabi/lib/armv7e-m/softfp/libg.a(lib_a-atexit.o) (__register_exitproc)
/usr/lib/gcc/arm-none-eabi/4.9.3/../../../arm-none-eabi/lib/armv7e-m/softfp/libg.a(lib_a-__call_atexit.o)
                              /usr/lib/gcc/arm-none-eabi/4.9.3/../../../arm-none-eabi/lib/armv7e-m/softfp/libg.a(lib_a-exit.o) (__call_exitprocs)
/usr/lib/gcc/arm-none-eabi/4.9.3/../../../arm-none-eabi/lib/armv7e-m/softfp/libg.a(lib_a-fflush.o)
                              /usr/lib/gcc/arm-none-eabi/4.9.3/../../../arm-none-eabi/lib/armv7e-m/softfp/libg.a(lib_a-setvbuf.o) (_fflush_r)
/usr/lib/gcc/arm-none-eabi/4.9.3/../../../arm-none-eabi/lib/armv7e-m/softfp/libg.a(lib_a-findfp.o)
                              /usr/lib/gcc/arm-none-eabi/4.9.3/../../../arm-none-eabi/lib/armv7e-m/softfp/libg.a(lib_a-setvbuf.o) (_cleanup_r)
/usr/lib/gcc/arm-none-eabi/4.9.3/../../../arm-none-eabi/lib/armv7e-m/softfp/libg.a(lib_a-freer.o)
                              /usr/lib/gcc/arm-none-eabi/4.9.3/../../../arm-none-eabi/lib/armv7e-m/softfp/libg.a(lib_a-setvbuf.o) (_free_r)
/usr/lib/gcc/arm-none-eabi/4.9.3/../../../arm-none-eabi/lib/armv7e-m/softfp/libg.a(lib_a-fvwrite.o)
                              /usr/lib/gcc/arm-none-eabi/4.9.3/../../../arm-none-eabi/lib/armv7e-m/softfp/libg.a(lib_a-puts.o) (__sfvwrite_r)
/usr/lib/gcc/arm-none-eabi/4.9.3/../../../arm-none-eabi/lib/armv7e-m/softfp/libg.a(lib_a-fwalk.o)
[...]
Memory Configuration

Name             Origin             Length             Attributes
FLASH            0x0000000008000000 0x0000000000040000 xr
RAM              0x0000000020000000 0x000000000000a000 xrw
CCMRAM           0x0000000010000000 0x0000000000002000 rw
*default*        0x0000000000000000 0xffffffffffffffff

Linker script and memory map

LOAD /usr/lib/gcc/arm-none-eabi/4.9.3/armv7e-m/softfp/crti.o
LOAD /usr/lib/gcc/arm-none-eabi/4.9.3/armv7e-m/softfp/crtbegin.o
LOAD /usr/lib/gcc/arm-none-eabi/4.9.3/../../../arm-none-eabi/lib/armv7e-m/softfp/crt0.o
LOAD main.o
LOAD monitor.o
LOAD uart.o
LOAD parser.o
LOAD dump.o
LOAD syscall.o
LOAD terminal.o
LOAD decoder/decoder.o
LOAD decoder/STM32F30x_decoder.o
LOAD printf_stdarg.o
LOAD mytest.o
LOAD mycode.o
LOAD Drivers/CMSIS/Device/ST/STM32F3xx/Source/Templates/system_stm32f3xx.o
LOAD Drivers/STM32F3xx_HAL_Driver/Src/stm32f3xx_hal_rcc.o
LOAD Drivers/STM32F3xx_HAL_Driver/Src/stm32f3xx_hal.o
LOAD Drivers/STM32F3xx_HAL_Driver/Src/stm32f3xx_hal_cortex.o
LOAD Drivers/STM32F3xx_HAL_Driver/Src/stm32f3xx_hal_uart.o
LOAD Drivers/STM32F3xx_HAL_Driver/Src/stm32f3xx_hal_gpio.o
LOAD Drivers/STM32F3xx_HAL_Driver/Src/stm32f3xx_hal_pcd.o
LOAD Drivers/STM32F3xx_HAL_Driver/Src/stm32f3xx_hal_pcd_ex.o
LOAD Drivers/STM32F3xx_HAL_Driver/Src/stm32f3xx_hal_i2c.o
LOAD Drivers/STM32F3xx_HAL_Driver/Src/stm32f3xx_hal_spi.o
LOAD Drivers/STM32_USB_Device_Library/Core/Src/usbd_core.o
LOAD Drivers/STM32_USB_Device_Library/Core/Src/usbd_ctlreq.o
LOAD Drivers/STM32_USB_Device_Library/Core/Src/usbd_ioreq.o
LOAD Drivers/STM32_USB_Device_Library/Class/CDC/Src/usbd_cdc.o
LOAD usbd_conf.o
LOAD usbd_desc.o
LOAD usbd_cdc_interface.o
LOAD Drivers/BSP/STM32F3-Discovery/stm32f3_discovery.o
LOAD Drivers/BSP/STM32F3-Discovery/stm32f3_discovery_accelerometer.o
LOAD Drivers/BSP/STM32F3-Discovery/stm32f3_discovery_gyroscope.o
LOAD Drivers/BSP/Components/lsm303dlhc/lsm303dlhc.o
LOAD Drivers/BSP/Components/l3gd20/l3gd20.o
LOAD Drivers/CMSIS/Device/ST/STM32F3xx/Source/Templates/gcc/startup_stm32f303xc.o
START GROUP
LOAD /usr/lib/gcc/arm-none-eabi/4.9.3/armv7e-m/softfp/libgcc.a
LOAD /usr/lib/gcc/arm-none-eabi/4.9.3/../../../arm-none-eabi/lib/armv7e-m/softfp/libg.a
LOAD /usr/lib/gcc/arm-none-eabi/4.9.3/../../../arm-none-eabi/lib/armv7e-m/softfp/libc.a
END GROUP
LOAD /usr/lib/gcc/arm-none-eabi/4.9.3/armv7e-m/softfp/crtend.o
LOAD /usr/lib/gcc/arm-none-eabi/4.9.3/armv7e-m/softfp/crtn.o
                0x0000000020007fff                _estack = 0x20007fff
                0x0000000000000200                _Min_Heap_Size = 0x200
                0x0000000000000400                _Min_Stack_Size = 0x400

.isr_vector     0x0000000008000000      0x188
                0x0000000008000000                . = ALIGN (0x4)
 *(.isr_vector)
 .isr_vector    0x0000000008000000      0x188 Drivers/CMSIS/Device/ST/STM32F3xx/Source/Templates/gcc/startup_stm32f303xc.o
                0x0000000008000000                g_pfnVectors
                0x0000000008000188                . = ALIGN (0x4)

.text           0x0000000008000188     0x6a80
                0x0000000008000188                . = ALIGN (0x4)
 *(.text)
 .text          0x0000000008000188       0xa4 /usr/lib/gcc/arm-none-eabi/4.9.3/armv7e-m/softfp/crtbegin.o
 .text          0x000000000800022c       0x3c mycode.o
                0x000000000800022c                mytest
                0x0000000008000244                my_Tick
                0x0000000008000258                my_Loop
                0x000000000800025c                my_Init
 .text          0x0000000008000268      0x134 /usr/lib/gcc/arm-none-eabi/4.9.3/../../../arm-none-eabi/lib/armv7e-m/softfp/libg.a(lib_a-memcpy.o)
                0x0000000008000268                memcpy
 *(.text*)
 .text.CmdAdd   0x000000000800039c       0x40 main.o
                0x000000000800039c                CmdAdd
 .text.CmdAccel
                0x00000000080003dc       0x28 main.o
                0x00000000080003dc                CmdAccel
 .text.CmdGyro  0x0000000008000404       0x54 main.o
                0x0000000008000404                CmdGyro
 .text.CmdButton
                0x0000000008000458       0x2c main.o
                0x0000000008000458                CmdButton
 .text.led_Pattern
                0x0000000008000484       0x84 main.o
                0x0000000008000484                led_Pattern
 .text.Error_Handler
                0x0000000008000508        0xa main.o
                0x0000000008000508                Error_Handler
 *fill*         0x0000000008000512        0x2 
 .text.startup.main
                0x0000000008000514       0x98 main.o
                0x0000000008000514                main
 .text.SysTick_Handler
                0x00000000080005ac        0xe main.o
                0x00000000080005ac                SysTick_Handler
 .text.CmdW     0x00000000080005ba       0x1c monitor.o
                0x00000000080005ba                CmdW
 *fill*         0x00000000080005d6        0x2 
 .text.CmdR     0x00000000080005d8       0x20 monitor.o
                0x00000000080005d8                CmdR
 .text.parse    0x00000000080005f8      0x104 parser.o
                0x00000000080005f8                parse
 .text.TaskInput
                0x00000000080006fc      0x12c parser.o
                0x00000000080006fc                TaskInput
 .text.fetch_uint32_arg
                0x0000000008000828       0x28 parser.o
                0x0000000008000828                fetch_uint32_arg
 .text.fetch_string_arg
                0x0000000008000850       0x20 parser.o
                0x0000000008000850                fetch_string_arg
 .text.DumpBuffer
                0x0000000008000870       0xb4 dump.o
                0x0000000008000870                DumpBuffer
 .text.CmdDump  0x0000000008000924       0x54 dump.o
                0x0000000008000924                CmdDump
 .text._sbrk_r  0x0000000008000978       0x34 syscall.o
                0x0000000008000978                _sbrk_r
 .text._close_r
                0x00000000080009ac        0x6 syscall.o
                0x00000000080009ac                _close_r
 .text._fstat_r
                0x00000000080009b2        0xa syscall.o
                0x00000000080009b2                _fstat_r
 .text._isatty_r
                0x00000000080009bc        0x4 syscall.o
                0x00000000080009bc                _isatty_r
 .text._lseek_r
                0x00000000080009c0        0x4 syscall.o
                0x00000000080009c0                _lseek_r
 .text.USBD_CDC_DataIn
                0x00000000080009c4       0x80 terminal.o
 .text.CmdStats
                0x0000000008000a44       0x54 terminal.o
                0x0000000008000a44                CmdStats
 .text.TerminalInit
                0x0000000008000a98       0x7c terminal.o
                0x0000000008000a98                TerminalInit
 .text.TerminalRead
                0x0000000008000b14       0x4c terminal.o
                0x0000000008000b14                TerminalRead
 .text._read_r  0x0000000008000b60        0xa terminal.o
                0x0000000008000b60                _read_r
 .text.TerminalReadNonBlock
                0x0000000008000b6a       0x10 terminal.o
                0x0000000008000b6a                TerminalReadNonBlock
 .text.TerminalReadAnyNonBlock
                0x0000000008000b7a       0x12 terminal.o
                0x0000000008000b7a                TerminalReadAnyNonBlock
 .text.TerminalOutputBufferWrite
                0x0000000008000b8c       0xe8 terminal.o
                0x0000000008000b8c                TerminalOutputBufferWrite
 .text._write_r
                0x0000000008000c74       0x38 terminal.o
                0x0000000008000c74                _write_r
 .text.TerminalInputBufferWrite
                0x0000000008000cac       0x70 terminal.o
                0x0000000008000cac                TerminalInputBufferWrite
 .text.USB_LP_CAN_RX0_IRQHandler
                0x0000000008000d1c        0xc terminal.o
                0x0000000008000d1c                USB_LP_CAN_RX0_IRQHandler
 .text.DecodeReadRegister
                0x0000000008000d28       0x40 decoder/decoder.o
                0x0000000008000d28                DecodeReadRegister
 .text.DecodeWriteRegister
                0x0000000008000d68       0x3c decoder/decoder.o
                0x0000000008000d68                DecodeWriteRegister
 .text.DecodeField
                0x0000000008000da4       0x40 decoder/decoder.o
                0x0000000008000da4                DecodeField
 .text.DecodeRegister
                0x0000000008000de4       0x4c decoder/decoder.o
                0x0000000008000de4                DecodeRegister
 .text.DecodePeripheral
                0x0000000008000e30       0x3c decoder/decoder.o
                0x0000000008000e30                DecodePeripheral
 .text.DecodePrintPeripherals
                0x0000000008000e6c       0x44 decoder/decoder.o
                0x0000000008000e6c                DecodePrintPeripherals
 .text.DecodePrintRegisters
                0x0000000008000eb0       0x48 decoder/decoder.o
                0x0000000008000eb0                DecodePrintRegisters
 .text.CmdDecode
                0x0000000008000ef8      0x1e4 decoder/decoder.o
                0x0000000008000ef8                CmdDecode
 .text.printchar
                0x00000000080010dc       0x28 printf_stdarg.o
 .text.prints   0x0000000008001104       0x86 printf_stdarg.o
 .text.printi   0x000000000800118a       0xa6 printf_stdarg.o
 .text.print    0x0000000008001230      0x120 printf_stdarg.o
 .text.printf   0x0000000008001350       0x1c printf_stdarg.o
                0x0000000008001350                printf
 .text.CmdTest  0x000000000800136c       0x30 mytest.o
                0x000000000800136c                CmdTest
 .text.SystemInit
                0x000000000800139c       0x68 Drivers/CMSIS/Device/ST/STM32F3xx/Source/Templates/system_stm32f3xx.o
                0x000000000800139c                SystemInit
 .text.HAL_RCC_OscConfig
                0x0000000008001404      0x5d4 Drivers/STM32F3xx_HAL_Driver/Src/stm32f3xx_hal_rcc.o
                0x0000000008001404                HAL_RCC_OscConfig
 .text.HAL_RCC_ClockConfig
                0x00000000080019d8      0x2cc Drivers/STM32F3xx_HAL_Driver/Src/stm32f3xx_hal_rcc.o
                0x00000000080019d8                HAL_RCC_ClockConfig
 .text.HAL_RCC_GetSysClockFreq
                0x0000000008001ca4       0x6c Drivers/STM32F3xx_HAL_Driver/Src/stm32f3xx_hal_rcc.o
                0x0000000008001ca4                HAL_RCC_GetSysClockFreq
 .text.HAL_RCC_GetHCLKFreq
                0x0000000008001d10       0x38 Drivers/STM32F3xx_HAL_Driver/Src/stm32f3xx_hal_rcc.o
                0x0000000008001d10                HAL_RCC_GetHCLKFreq
 .text.HAL_MspInit
                0x0000000008001d48        0x2 Drivers/STM32F3xx_HAL_Driver/Src/stm32f3xx_hal.o
                0x0000000008001d48                HAL_MspInit
 .text.HAL_InitTick
                0x0000000008001d4a       0x24 Drivers/STM32F3xx_HAL_Driver/Src/stm32f3xx_hal.o
                0x0000000008001d4a                HAL_InitTick
 *fill*         0x0000000008001d6e        0x2 
 .text.HAL_Init
                0x0000000008001d70       0x24 Drivers/STM32F3xx_HAL_Driver/Src/stm32f3xx_hal.o
                0x0000000008001d70                HAL_Init
 .text.HAL_IncTick
                0x0000000008001d94       0x10 Drivers/STM32F3xx_HAL_Driver/Src/stm32f3xx_hal.o
                0x0000000008001d94                HAL_IncTick
 .text.HAL_GetTick
                0x0000000008001da4        0xc Drivers/STM32F3xx_HAL_Driver/Src/stm32f3xx_hal.o
                0x0000000008001da4                HAL_GetTick
 .text.HAL_Delay
                0x0000000008001db0       0x1a Drivers/STM32F3xx_HAL_Driver/Src/stm32f3xx_hal.o
                0x0000000008001db0                HAL_Delay
 *fill*         0x0000000008001dca        0x2 
 .text.HAL_NVIC_SetPriorityGrouping
                0x0000000008001dcc       0x24 Drivers/STM32F3xx_HAL_Driver/Src/stm32f3xx_hal_cortex.o
                0x0000000008001dcc                HAL_NVIC_SetPriorityGrouping
 .text.HAL_NVIC_SetPriority
                0x0000000008001df0       0x60 Drivers/STM32F3xx_HAL_Driver/Src/stm32f3xx_hal_cortex.o
                0x0000000008001df0                HAL_NVIC_SetPriority
 .text.HAL_NVIC_EnableIRQ
                0x0000000008001e50       0x18 Drivers/STM32F3xx_HAL_Driver/Src/stm32f3xx_hal_cortex.o
                0x0000000008001e50                HAL_NVIC_EnableIRQ
 .text.HAL_SYSTICK_Config
                0x0000000008001e68       0x2c Drivers/STM32F3xx_HAL_Driver/Src/stm32f3xx_hal_cortex.o
                0x0000000008001e68                HAL_SYSTICK_Config
 .text.HAL_GPIO_Init
                0x0000000008001e94      0x188 Drivers/STM32F3xx_HAL_Driver/Src/stm32f3xx_hal_gpio.o
                0x0000000008001e94                HAL_GPIO_Init
 .text.HAL_GPIO_ReadPin
                0x000000000800201c        0xc Drivers/STM32F3xx_HAL_Driver/Src/stm32f3xx_hal_gpio.o
                0x000000000800201c                HAL_GPIO_ReadPin
 .text.HAL_GPIO_WritePin
                0x0000000008002028        0xa Drivers/STM32F3xx_HAL_Driver/Src/stm32f3xx_hal_gpio.o
                0x0000000008002028                HAL_GPIO_WritePin
 .text.HAL_GPIO_TogglePin
                0x0000000008002032        0x8 Drivers/STM32F3xx_HAL_Driver/Src/stm32f3xx_hal_gpio.o
                0x0000000008002032                HAL_GPIO_TogglePin
 .text.HAL_PCD_Init
                0x000000000800203a       0x9a Drivers/STM32F3xx_HAL_Driver/Src/stm32f3xx_hal_pcd.o
                0x000000000800203a                HAL_PCD_Init
 .text.HAL_PCD_Start
                0x00000000080020d4        0xc Drivers/STM32F3xx_HAL_Driver/Src/stm32f3xx_hal_pcd.o
                0x00000000080020d4                HAL_PCD_Start
 .text.HAL_PCD_SetAddress
                0x00000000080020e0       0x2c Drivers/STM32F3xx_HAL_Driver/Src/stm32f3xx_hal_pcd.o
                0x00000000080020e0                HAL_PCD_SetAddress
 .text.HAL_PCD_EP_Open
                0x000000000800210c      0x338 Drivers/STM32F3xx_HAL_Driver/Src/stm32f3xx_hal_pcd.o
                0x000000000800210c                HAL_PCD_EP_Open
 .text.HAL_PCD_EP_Close
                0x0000000008002444      0x1b0 Drivers/STM32F3xx_HAL_Driver/Src/stm32f3xx_hal_pcd.o
                0x0000000008002444                HAL_PCD_EP_Close
 .text.HAL_PCD_EP_Receive
                0x00000000080025f4       0xf4 Drivers/STM32F3xx_HAL_Driver/Src/stm32f3xx_hal_pcd.o
                0x00000000080025f4                HAL_PCD_EP_Receive
 .text.HAL_PCD_EP_GetRxCount
                0x00000000080026e8       0x10 Drivers/STM32F3xx_HAL_Driver/Src/stm32f3xx_hal_pcd.o
                0x00000000080026e8                HAL_PCD_EP_GetRxCount
 .text.HAL_PCD_EP_Transmit
                0x00000000080026f8      0x182 Drivers/STM32F3xx_HAL_Driver/Src/stm32f3xx_hal_pcd.o
                0x00000000080026f8                HAL_PCD_EP_Transmit
 .text.HAL_PCD_IRQHandler
                0x000000000800287a      0x4a6 Drivers/STM32F3xx_HAL_Driver/Src/stm32f3xx_hal_pcd.o
                0x000000000800287a                HAL_PCD_IRQHandler
 .text.HAL_PCD_EP_SetStall
                0x0000000008002d20       0xa2 Drivers/STM32F3xx_HAL_Driver/Src/stm32f3xx_hal_pcd.o
                0x0000000008002d20                HAL_PCD_EP_SetStall
 .text.HAL_PCD_EP_ClrStall
                0x0000000008002dc2       0xc8 Drivers/STM32F3xx_HAL_Driver/Src/stm32f3xx_hal_pcd.o
                0x0000000008002dc2                HAL_PCD_EP_ClrStall
 .text.HAL_PCDEx_PMAConfig
                0x0000000008002e8a       0x34 Drivers/STM32F3xx_HAL_Driver/Src/stm32f3xx_hal_pcd_ex.o
                0x0000000008002e8a                HAL_PCDEx_PMAConfig
 .text.PCD_WritePMA
                0x0000000008002ebe       0x2e Drivers/STM32F3xx_HAL_Driver/Src/stm32f3xx_hal_pcd_ex.o
                0x0000000008002ebe                PCD_WritePMA
 .text.PCD_ReadPMA
                0x0000000008002eec       0x22 Drivers/STM32F3xx_HAL_Driver/Src/stm32f3xx_hal_pcd_ex.o
                0x0000000008002eec                PCD_ReadPMA
 .text.HAL_PCDEx_SetConnectionState
                0x0000000008002f0e        0x2 Drivers/STM32F3xx_HAL_Driver/Src/stm32f3xx_hal_pcd_ex.o
                0x0000000008002f0e                HAL_PCDEx_SetConnectionState
 .text.I2C_TransferConfig
                0x0000000008002f10       0x2a Drivers/STM32F3xx_HAL_Driver/Src/stm32f3xx_hal_i2c.o
 *fill*         0x0000000008002f3a        0x2 
 .text.I2C_IsAcknowledgeFailed
                0x0000000008002f3c       0x90 Drivers/STM32F3xx_HAL_Driver/Src/stm32f3xx_hal_i2c.o
 .text.I2C_WaitOnFlagUntilTimeout
                0x0000000008002fcc       0x68 Drivers/STM32F3xx_HAL_Driver/Src/stm32f3xx_hal_i2c.o
 .text.I2C_WaitOnTXISFlagUntilTimeout
                0x0000000008003034       0x54 Drivers/STM32F3xx_HAL_Driver/Src/stm32f3xx_hal_i2c.o
 .text.I2C_RequestMemoryWrite
                0x0000000008003088       0x64 Drivers/STM32F3xx_HAL_Driver/Src/stm32f3xx_hal_i2c.o
 .text.I2C_RequestMemoryRead
                0x00000000080030ec       0x62 Drivers/STM32F3xx_HAL_Driver/Src/stm32f3xx_hal_i2c.o
 .text.I2C_WaitOnSTOPFlagUntilTimeout
                0x000000000800314e       0x50 Drivers/STM32F3xx_HAL_Driver/Src/stm32f3xx_hal_i2c.o
 .text.HAL_I2C_MspInit
                0x000000000800319e        0x2 Drivers/STM32F3xx_HAL_Driver/Src/stm32f3xx_hal_i2c.o
                0x000000000800319e                HAL_I2C_MspInit
 .text.HAL_I2C_Init
                0x00000000080031a0       0x90 Drivers/STM32F3xx_HAL_Driver/Src/stm32f3xx_hal_i2c.o
                0x00000000080031a0                HAL_I2C_Init
 .text.HAL_I2C_MspDeInit
                0x0000000008003230        0x2 Drivers/STM32F3xx_HAL_Driver/Src/stm32f3xx_hal_i2c.o
                0x0000000008003230                HAL_I2C_MspDeInit
 .text.HAL_I2C_DeInit
                0x0000000008003232       0x2e Drivers/STM32F3xx_HAL_Driver/Src/stm32f3xx_hal_i2c.o
                0x0000000008003232                HAL_I2C_DeInit
 .text.HAL_I2C_Mem_Write
                0x0000000008003260       0xf8 Drivers/STM32F3xx_HAL_Driver/Src/stm32f3xx_hal_i2c.o
                0x0000000008003260                HAL_I2C_Mem_Write
 .text.HAL_I2C_Mem_Read
                0x0000000008003358      0x104 Drivers/STM32F3xx_HAL_Driver/Src/stm32f3xx_hal_i2c.o
                0x0000000008003358                HAL_I2C_Mem_Read
 .text.HAL_I2C_GetState
                0x000000000800345c        0x6 Drivers/STM32F3xx_HAL_Driver/Src/stm32f3xx_hal_i2c.o
                0x000000000800345c                HAL_I2C_GetState
 .text.SPI_WaitFlagStateUntilTimeout
                0x0000000008003462       0x8c Drivers/STM32F3xx_HAL_Driver/Src/stm32f3xx_hal_spi.o
 .text.SPI_WaitFifoStateUntilTimeout
                0x00000000080034ee       0x9c Drivers/STM32F3xx_HAL_Driver/Src/stm32f3xx_hal_spi.o
 .text.SPI_EndRxTxTransaction
                0x000000000800358a       0x42 Drivers/STM32F3xx_HAL_Driver/Src/stm32f3xx_hal_spi.o
 .text.HAL_SPI_MspInit
                0x00000000080035cc        0x2 Drivers/STM32F3xx_HAL_Driver/Src/stm32f3xx_hal_spi.o
                0x00000000080035cc                HAL_SPI_MspInit
 .text.HAL_SPI_Init
                0x00000000080035ce       0xa6 Drivers/STM32F3xx_HAL_Driver/Src/stm32f3xx_hal_spi.o
                0x00000000080035ce                HAL_SPI_Init
 .text.HAL_SPI_MspDeInit
                0x0000000008003674        0x2 Drivers/STM32F3xx_HAL_Driver/Src/stm32f3xx_hal_spi.o
                0x0000000008003674                HAL_SPI_MspDeInit
 .text.HAL_SPI_DeInit
                0x0000000008003676       0x2e Drivers/STM32F3xx_HAL_Driver/Src/stm32f3xx_hal_spi.o
                0x0000000008003676                HAL_SPI_DeInit
 .text.HAL_SPI_TransmitReceive
                0x00000000080036a4      0x29a Drivers/STM32F3xx_HAL_Driver/Src/stm32f3xx_hal_spi.o
                0x00000000080036a4                HAL_SPI_TransmitReceive
 .text.HAL_SPI_GetState
                0x000000000800393e        0x6 Drivers/STM32F3xx_HAL_Driver/Src/stm32f3xx_hal_spi.o
                0x000000000800393e                HAL_SPI_GetState
 .text.USBD_Init
                0x0000000008003944       0x2a Drivers/STM32_USB_Device_Library/Core/Src/usbd_core.o
                0x0000000008003944                USBD_Init
 .text.USBD_RegisterClass
                0x000000000800396e        0xe Drivers/STM32_USB_Device_Library/Core/Src/usbd_core.o
                0x000000000800396e                USBD_RegisterClass
 .text.USBD_Start
                0x000000000800397c        0xa Drivers/STM32_USB_Device_Library/Core/Src/usbd_core.o
                0x000000000800397c                USBD_Start
 .text.USBD_SetClassConfig
                0x0000000008003986       0x16 Drivers/STM32_USB_Device_Library/Core/Src/usbd_core.o
                0x0000000008003986                USBD_SetClassConfig
 .text.USBD_ClrClassConfig
                0x000000000800399c        0xe Drivers/STM32_USB_Device_Library/Core/Src/usbd_core.o
                0x000000000800399c                USBD_ClrClassConfig
 .text.USBD_LL_SetupStage
                0x00000000080039aa       0x5a Drivers/STM32_USB_Device_Library/Core/Src/usbd_core.o
                0x00000000080039aa                USBD_LL_SetupStage
 .text.USBD_LL_DataOutStage
                0x0000000008003a04       0x60 Drivers/STM32_USB_Device_Library/Core/Src/usbd_core.o
                0x0000000008003a04                USBD_LL_DataOutStage
 .text.USBD_LL_DataInStage
                0x0000000008003a64       0x88 Drivers/STM32_USB_Device_Library/Core/Src/usbd_core.o
                0x0000000008003a64                USBD_LL_DataInStage
 .text.USBD_LL_Reset
                0x0000000008003aec       0x3e Drivers/STM32_USB_Device_Library/Core/Src/usbd_core.o
                0x0000000008003aec                USBD_LL_Reset
 .text.USBD_LL_SetSpeed
                0x0000000008003b2a        0x6 Drivers/STM32_USB_Device_Library/Core/Src/usbd_core.o
                0x0000000008003b2a                USBD_LL_SetSpeed
 .text.USBD_LL_SOF
                0x0000000008003b30       0x18 Drivers/STM32_USB_Device_Library/Core/Src/usbd_core.o
                0x0000000008003b30                USBD_LL_SOF
 .text.USBD_ParseSetupRequest
                0x0000000008003b48       0x28 Drivers/STM32_USB_Device_Library/Core/Src/usbd_ctlreq.o
                0x0000000008003b48                USBD_ParseSetupRequest
 .text.USBD_CtlError
                0x0000000008003b70       0x16 Drivers/STM32_USB_Device_Library/Core/Src/usbd_ctlreq.o
                0x0000000008003b70                USBD_CtlError
 *fill*         0x0000000008003b86        0x2 
 .text.USBD_StdDevReq
                0x0000000008003b88      0x218 Drivers/STM32_USB_Device_Library/Core/Src/usbd_ctlreq.o
                0x0000000008003b88                USBD_StdDevReq
 .text.USBD_StdItfReq
                0x0000000008003da0       0x30 Drivers/STM32_USB_Device_Library/Core/Src/usbd_ctlreq.o
                0x0000000008003da0                USBD_StdItfReq
 .text.USBD_StdEPReq
                0x0000000008003dd0       0xb2 Drivers/STM32_USB_Device_Library/Core/Src/usbd_ctlreq.o
                0x0000000008003dd0                USBD_StdEPReq
 .text.USBD_GetString
                0x0000000008003e82       0x3a Drivers/STM32_USB_Device_Library/Core/Src/usbd_ctlreq.o
                0x0000000008003e82                USBD_GetString
 .text.USBD_CtlSendData
                0x0000000008003ebc       0x1c Drivers/STM32_USB_Device_Library/Core/Src/usbd_ioreq.o
                0x0000000008003ebc                USBD_CtlSendData
 .text.USBD_CtlContinueSendData
                0x0000000008003ed8       0x12 Drivers/STM32_USB_Device_Library/Core/Src/usbd_ioreq.o
                0x0000000008003ed8                USBD_CtlContinueSendData
 .text.USBD_CtlPrepareRx
                0x0000000008003eea       0x20 Drivers/STM32_USB_Device_Library/Core/Src/usbd_ioreq.o
                0x0000000008003eea                USBD_CtlPrepareRx
 .text.USBD_CtlContinueRx
                0x0000000008003f0a       0x12 Drivers/STM32_USB_Device_Library/Core/Src/usbd_ioreq.o
                0x0000000008003f0a                USBD_CtlContinueRx
 .text.USBD_CtlSendStatus
                0x0000000008003f1c       0x16 Drivers/STM32_USB_Device_Library/Core/Src/usbd_ioreq.o
                0x0000000008003f1c                USBD_CtlSendStatus
 .text.USBD_CtlReceiveStatus
                0x0000000008003f32       0x16 Drivers/STM32_USB_Device_Library/Core/Src/usbd_ioreq.o
                0x0000000008003f32                USBD_CtlReceiveStatus
 .text.USBD_CDC_DataIn
                0x0000000008003f48       0x12 Drivers/STM32_USB_Device_Library/Class/CDC/Src/usbd_cdc.o
 .text.USBD_CDC_EP0_RxReady
                0x0000000008003f5a       0x28 Drivers/STM32_USB_Device_Library/Class/CDC/Src/usbd_cdc.o
 *fill*         0x0000000008003f82        0x2 
 .text.USBD_CDC_GetFSCfgDesc
                0x0000000008003f84        0xc Drivers/STM32_USB_Device_Library/Class/CDC/Src/usbd_cdc.o
 .text.USBD_CDC_GetHSCfgDesc
                0x0000000008003f90        0xc Drivers/STM32_USB_Device_Library/Class/CDC/Src/usbd_cdc.o
 .text.USBD_CDC_GetOtherSpeedCfgDesc
                0x0000000008003f9c        0xc Drivers/STM32_USB_Device_Library/Class/CDC/Src/usbd_cdc.o
 .text.USBD_CDC_GetDeviceQualifierDescriptor
                0x0000000008003fa8        0xc Drivers/STM32_USB_Device_Library/Class/CDC/Src/usbd_cdc.o
                0x0000000008003fa8                USBD_CDC_GetDeviceQualifierDescriptor
 .text.USBD_CDC_DataOut
                0x0000000008003fb4       0x2e Drivers/STM32_USB_Device_Library/Class/CDC/Src/usbd_cdc.o
 .text.USBD_CDC_Setup
                0x0000000008003fe2       0x5a Drivers/STM32_USB_Device_Library/Class/CDC/Src/usbd_cdc.o
 .text.USBD_CDC_DeInit
                0x000000000800403c       0x3a Drivers/STM32_USB_Device_Library/Class/CDC/Src/usbd_cdc.o
 .text.USBD_CDC_Init
                0x0000000008004076       0x86 Drivers/STM32_USB_Device_Library/Class/CDC/Src/usbd_cdc.o
 .text.USBD_CDC_RegisterInterface
                0x00000000080040fc        0xe Drivers/STM32_USB_Device_Library/Class/CDC/Src/usbd_cdc.o
                0x00000000080040fc                USBD_CDC_RegisterInterface
 .text.USBD_CDC_SetTxBuffer
                0x000000000800410a       0x10 Drivers/STM32_USB_Device_Library/Class/CDC/Src/usbd_cdc.o
                0x000000000800410a                USBD_CDC_SetTxBuffer
 .text.USBD_CDC_SetRxBuffer
                0x000000000800411a        0xc Drivers/STM32_USB_Device_Library/Class/CDC/Src/usbd_cdc.o
                0x000000000800411a                USBD_CDC_SetRxBuffer
 .text.USBD_CDC_TransmitPacket
                0x0000000008004126       0x2e Drivers/STM32_USB_Device_Library/Class/CDC/Src/usbd_cdc.o
                0x0000000008004126                USBD_CDC_TransmitPacket
 .text.USBD_CDC_ReceivePacket
                0x0000000008004154       0x26 Drivers/STM32_USB_Device_Library/Class/CDC/Src/usbd_cdc.o
                0x0000000008004154                USBD_CDC_ReceivePacket
 *fill*         0x000000000800417a        0x2 
 .text.HAL_PCD_MspInit
                0x000000000800417c       0x9c usbd_conf.o
                0x000000000800417c                HAL_PCD_MspInit
 .text.HAL_PCD_SetupStageCallback
                0x0000000008004218        0xe usbd_conf.o
                0x0000000008004218                HAL_PCD_SetupStageCallback
 .text.HAL_PCD_DataOutStageCallback
                0x0000000008004226       0x12 usbd_conf.o
                0x0000000008004226                HAL_PCD_DataOutStageCallback
 .text.HAL_PCD_DataInStageCallback
                0x0000000008004238       0x10 usbd_conf.o
                0x0000000008004238                HAL_PCD_DataInStageCallback
 .text.HAL_PCD_SOFCallback
                0x0000000008004248        0x8 usbd_conf.o
                0x0000000008004248                HAL_PCD_SOFCallback
 .text.HAL_PCD_ResetCallback
                0x0000000008004250       0x1a usbd_conf.o
                0x0000000008004250                HAL_PCD_ResetCallback
 .text.HAL_PCD_SuspendCallback
                0x000000000800426a        0x2 usbd_conf.o
                0x000000000800426a                HAL_PCD_SuspendCallback
 .text.HAL_PCD_ResumeCallback
                0x000000000800426c        0x2 usbd_conf.o
                0x000000000800426c                HAL_PCD_ResumeCallback
 *fill*         0x000000000800426e        0x2 
 .text.USBD_LL_Init
                0x0000000008004270       0x7c usbd_conf.o
                0x0000000008004270                USBD_LL_Init
 .text.USBD_LL_Start
                0x00000000080042ec        0xe usbd_conf.o
                0x00000000080042ec                USBD_LL_Start
 .text.USBD_LL_OpenEP
                0x00000000080042fa       0x14 usbd_conf.o
                0x00000000080042fa                USBD_LL_OpenEP
 .text.USBD_LL_CloseEP
                0x000000000800430e        0xe usbd_conf.o
                0x000000000800430e                USBD_LL_CloseEP
 .text.USBD_LL_StallEP
                0x000000000800431c        0xe usbd_conf.o
                0x000000000800431c                USBD_LL_StallEP
 .text.USBD_LL_ClearStallEP
                0x000000000800432a        0xe usbd_conf.o
                0x000000000800432a                USBD_LL_ClearStallEP
 .text.USBD_LL_IsStallEP
                0x0000000008004338       0x26 usbd_conf.o
                0x0000000008004338                USBD_LL_IsStallEP
 .text.USBD_LL_SetUSBAddress
                0x000000000800435e        0xe usbd_conf.o
                0x000000000800435e                USBD_LL_SetUSBAddress
 .text.USBD_LL_Transmit
                0x000000000800436c        0xe usbd_conf.o
                0x000000000800436c                USBD_LL_Transmit
 .text.USBD_LL_PrepareReceive
                0x000000000800437a        0xe usbd_conf.o
                0x000000000800437a                USBD_LL_PrepareReceive
 .text.USBD_LL_GetRxDataSize
                0x0000000008004388        0xc usbd_conf.o
                0x0000000008004388                USBD_LL_GetRxDataSize
 .text.USBD_static_malloc
                0x0000000008004394        0x8 usbd_conf.o
                0x0000000008004394                USBD_static_malloc
 .text.USBD_static_free
                0x000000000800439c        0x2 usbd_conf.o
                0x000000000800439c                USBD_static_free
 *fill*         0x000000000800439e        0x2 
 .text.USBD_VCP_DeviceDescriptor
                0x00000000080043a0        0xc usbd_desc.o
                0x00000000080043a0                USBD_VCP_DeviceDescriptor
 .text.USBD_VCP_LangIDStrDescriptor
                0x00000000080043ac        0xc usbd_desc.o
                0x00000000080043ac                USBD_VCP_LangIDStrDescriptor
 .text.IntToUnicode
                0x00000000080043b8       0x28 usbd_desc.o
 .text.USBD_VCP_SerialStrDescriptor
                0x00000000080043e0       0x40 usbd_desc.o
                0x00000000080043e0                USBD_VCP_SerialStrDescriptor
 .text.USBD_VCP_ProductStrDescriptor
                0x0000000008004420       0x1c usbd_desc.o
                0x0000000008004420                USBD_VCP_ProductStrDescriptor
 .text.USBD_VCP_ManufacturerStrDescriptor
                0x000000000800443c       0x1c usbd_desc.o
                0x000000000800443c                USBD_VCP_ManufacturerStrDescriptor
 .text.USBD_VCP_ConfigStrDescriptor
                0x0000000008004458       0x1c usbd_desc.o
                0x0000000008004458                USBD_VCP_ConfigStrDescriptor
 .text.USBD_VCP_InterfaceStrDescriptor
                0x0000000008004474       0x1c usbd_desc.o
                0x0000000008004474                USBD_VCP_InterfaceStrDescriptor
 .text.CDC_Itf_DeInit
                0x0000000008004490        0x4 usbd_cdc_interface.o
 .text.CDC_Itf_Receive
                0x0000000008004494       0x20 usbd_cdc_interface.o
 .text.CDC_Itf_Init
                0x00000000080044b4       0x18 usbd_cdc_interface.o
 .text.CDC_Itf_Control
                0x00000000080044cc       0x58 usbd_cdc_interface.o
 .text.SPIx_Init
                0x0000000008004524       0x80 Drivers/BSP/STM32F3-Discovery/stm32f3_discovery.o
 .text.SPIx_WriteRead
                0x00000000080045a4       0x40 Drivers/BSP/STM32F3-Discovery/stm32f3_discovery.o
 .text.I2Cx_Init
                0x00000000080045e4       0x6c Drivers/BSP/STM32F3-Discovery/stm32f3_discovery.o
 .text.BSP_LED_Init
                0x0000000008004650       0x68 Drivers/BSP/STM32F3-Discovery/stm32f3_discovery.o
                0x0000000008004650                BSP_LED_Init
 .text.BSP_LED_On
                0x00000000080046b8       0x1c Drivers/BSP/STM32F3-Discovery/stm32f3_discovery.o
                0x00000000080046b8                BSP_LED_On
 .text.BSP_LED_Off
                0x00000000080046d4       0x1c Drivers/BSP/STM32F3-Discovery/stm32f3_discovery.o
                0x00000000080046d4                BSP_LED_Off
 .text.BSP_LED_Toggle
                0x00000000080046f0       0x1c Drivers/BSP/STM32F3-Discovery/stm32f3_discovery.o
                0x00000000080046f0                BSP_LED_Toggle
 .text.BSP_PB_Init
                0x000000000800470c       0x74 Drivers/BSP/STM32F3-Discovery/stm32f3_discovery.o
                0x000000000800470c                BSP_PB_Init
 .text.BSP_PB_GetState
                0x0000000008004780       0x14 Drivers/BSP/STM32F3-Discovery/stm32f3_discovery.o
                0x0000000008004780                BSP_PB_GetState
 .text.GYRO_IO_Init
                0x0000000008004794       0x68 Drivers/BSP/STM32F3-Discovery/stm32f3_discovery.o
                0x0000000008004794                GYRO_IO_Init
 .text.GYRO_IO_Write
                0x00000000080047fc       0x44 Drivers/BSP/STM32F3-Discovery/stm32f3_discovery.o
                0x00000000080047fc                GYRO_IO_Write
 .text.GYRO_IO_Read
                0x0000000008004840       0x48 Drivers/BSP/STM32F3-Discovery/stm32f3_discovery.o
                0x0000000008004840                GYRO_IO_Read
 .text.COMPASSACCELERO_IO_Init
                0x0000000008004888       0x64 Drivers/BSP/STM32F3-Discovery/stm32f3_discovery.o
                0x0000000008004888                COMPASSACCELERO_IO_Init
 .text.COMPASSACCELERO_IO_ITConfig
                0x00000000080048ec       0x48 Drivers/BSP/STM32F3-Discovery/stm32f3_discovery.o
                0x00000000080048ec                COMPASSACCELERO_IO_ITConfig
 .text.COMPASSACCELERO_IO_Write
                0x0000000008004934       0x3c Drivers/BSP/STM32F3-Discovery/stm32f3_discovery.o
                0x0000000008004934                COMPASSACCELERO_IO_Write
 .text.COMPASSACCELERO_IO_Read
                0x0000000008004970       0x40 Drivers/BSP/STM32F3-Discovery/stm32f3_discovery.o
                0x0000000008004970                COMPASSACCELERO_IO_Read
 .text.BSP_ACCELERO_Init
                0x00000000080049b0       0x30 Drivers/BSP/STM32F3-Discovery/stm32f3_discovery_accelerometer.o
                0x00000000080049b0                BSP_ACCELERO_Init
 .text.BSP_ACCELERO_GetXYZ
                0x00000000080049e0       0x10 Drivers/BSP/STM32F3-Discovery/stm32f3_discovery_accelerometer.o
                0x00000000080049e0                BSP_ACCELERO_GetXYZ
 .text.BSP_GYRO_Init
                0x00000000080049f0       0x44 Drivers/BSP/STM32F3-Discovery/stm32f3_discovery_gyroscope.o
                0x00000000080049f0                BSP_GYRO_Init
 .text.BSP_GYRO_GetXYZ
                0x0000000008004a34       0x10 Drivers/BSP/STM32F3-Discovery/stm32f3_discovery_gyroscope.o
                0x0000000008004a34                BSP_GYRO_GetXYZ
 .text.LSM303DLHC_AccInit
                0x0000000008004a44       0x20 Drivers/BSP/Components/lsm303dlhc/lsm303dlhc.o
                0x0000000008004a44                LSM303DLHC_AccInit
 .text.LSM303DLHC_AccReadID
                0x0000000008004a64       0x12 Drivers/BSP/Components/lsm303dlhc/lsm303dlhc.o
                0x0000000008004a64                LSM303DLHC_AccReadID
 .text.LSM303DLHC_AccRebootCmd
                0x0000000008004a76       0x1c Drivers/BSP/Components/lsm303dlhc/lsm303dlhc.o
                0x0000000008004a76                LSM303DLHC_AccRebootCmd
 .text.LSM303DLHC_AccFilterConfig
                0x0000000008004a92       0x1e Drivers/BSP/Components/lsm303dlhc/lsm303dlhc.o
                0x0000000008004a92                LSM303DLHC_AccFilterConfig
 .text.LSM303DLHC_AccFilterCmd
                0x0000000008004ab0       0x1e Drivers/BSP/Components/lsm303dlhc/lsm303dlhc.o
                0x0000000008004ab0                LSM303DLHC_AccFilterCmd
 .text.LSM303DLHC_AccReadXYZ
                0x0000000008004ace       0xe6 Drivers/BSP/Components/lsm303dlhc/lsm303dlhc.o
                0x0000000008004ace                LSM303DLHC_AccReadXYZ
 .text.LSM303DLHC_AccFilterClickCmd
                0x0000000008004bb4       0x1e Drivers/BSP/Components/lsm303dlhc/lsm303dlhc.o
                0x0000000008004bb4                LSM303DLHC_AccFilterClickCmd
 .text.LSM303DLHC_AccIT1Enable
                0x0000000008004bd2       0x1e Drivers/BSP/Components/lsm303dlhc/lsm303dlhc.o
                0x0000000008004bd2                LSM303DLHC_AccIT1Enable
 .text.LSM303DLHC_AccClickITEnable
                0x0000000008004bf0       0x46 Drivers/BSP/Components/lsm303dlhc/lsm303dlhc.o
                0x0000000008004bf0                LSM303DLHC_AccClickITEnable
 .text.LSM303DLHC_AccZClickITConfig
                0x0000000008004c36       0x1c Drivers/BSP/Components/lsm303dlhc/lsm303dlhc.o
                0x0000000008004c36                LSM303DLHC_AccZClickITConfig
 .text.L3GD20_Init
                0x0000000008004c52       0x32 Drivers/BSP/Components/l3gd20/l3gd20.o
                0x0000000008004c52                L3GD20_Init
 .text.L3GD20_ReadID
                0x0000000008004c84       0x1c Drivers/BSP/Components/l3gd20/l3gd20.o
                0x0000000008004c84                L3GD20_ReadID
 .text.L3GD20_RebootCmd
                0x0000000008004ca0       0x2c Drivers/BSP/Components/l3gd20/l3gd20.o
                0x0000000008004ca0                L3GD20_RebootCmd
 .text.L3GD20_INT1InterruptConfig
                0x0000000008004ccc       0x5c Drivers/BSP/Components/l3gd20/l3gd20.o
                0x0000000008004ccc                L3GD20_INT1InterruptConfig
 .text.L3GD20_EnableIT
                0x0000000008004d28       0x40 Drivers/BSP/Components/l3gd20/l3gd20.o
                0x0000000008004d28                L3GD20_EnableIT
 .text.L3GD20_DisableIT
                0x0000000008004d68       0x3c Drivers/BSP/Components/l3gd20/l3gd20.o
                0x0000000008004d68                L3GD20_DisableIT
 .text.L3GD20_FilterConfig
                0x0000000008004da4       0x2e Drivers/BSP/Components/l3gd20/l3gd20.o
                0x0000000008004da4                L3GD20_FilterConfig
 .text.L3GD20_FilterCmd
                0x0000000008004dd2       0x2e Drivers/BSP/Components/l3gd20/l3gd20.o
                0x0000000008004dd2                L3GD20_FilterCmd
 .text.L3GD20_ReadXYZAngRate
                0x0000000008004e00       0xd8 Drivers/BSP/Components/l3gd20/l3gd20.o
                0x0000000008004e00                L3GD20_ReadXYZAngRate
 .text.Reset_Handler
                0x0000000008004ed8       0x50 Drivers/CMSIS/Device/ST/STM32F3xx/Source/Templates/gcc/startup_stm32f303xc.o
                0x0000000008004ed8                Reset_Handler
 .text.Default_Handler
                0x0000000008004f28        0x2 Drivers/CMSIS/Device/ST/STM32F3xx/Source/Templates/gcc/startup_stm32f303xc.o
                0x0000000008004f28                RTC_Alarm_IRQHandler
                0x0000000008004f28                TIM8_TRG_COM_IRQHandler
                0x0000000008004f28                TIM8_CC_IRQHandler
                0x0000000008004f28                DebugMon_Handler
                0x0000000008004f28                TIM1_CC_IRQHandler
                0x0000000008004f28                HardFault_Handler
                0x0000000008004f28                USB_HP_IRQHandler
                0x0000000008004f28                PVD_IRQHandler
                0x0000000008004f28                TAMP_STAMP_IRQHandler
                0x0000000008004f28                PendSV_Handler
                0x0000000008004f28                NMI_Handler
                0x0000000008004f28                EXTI3_IRQHandler
                0x0000000008004f28                USB_HP_CAN_TX_IRQHandler
                0x0000000008004f28                EXTI0_IRQHandler
                0x0000000008004f28                I2C2_EV_IRQHandler
                0x0000000008004f28                FPU_IRQHandler
                0x0000000008004f28                TIM1_UP_TIM16_IRQHandler
                0x0000000008004f28                UsageFault_Handler
                0x0000000008004f28                ADC1_2_IRQHandler
                0x0000000008004f28                SPI1_IRQHandler
                0x0000000008004f28                CAN_SCE_IRQHandler
                0x0000000008004f28                TIM6_DAC_IRQHandler
                0x0000000008004f28                TIM8_UP_IRQHandler
                0x0000000008004f28                DMA2_Channel2_IRQHandler
                0x0000000008004f28                DMA1_Channel4_IRQHandler
                0x0000000008004f28                USART3_IRQHandler
                0x0000000008004f28                DMA1_Channel7_IRQHandler
                0x0000000008004f28                UART5_IRQHandler
                0x0000000008004f28                ADC3_IRQHandler
                0x0000000008004f28                TIM4_IRQHandler
                0x0000000008004f28                CAN_RX1_IRQHandler
                0x0000000008004f28                DMA2_Channel1_IRQHandler
                0x0000000008004f28                I2C1_EV_IRQHandler
                0x0000000008004f28                DMA1_Channel6_IRQHandler
                0x0000000008004f28                UART4_IRQHandler
                0x0000000008004f28                DMA2_Channel4_IRQHandler
                0x0000000008004f28                TIM3_IRQHandler
                0x0000000008004f28                RCC_IRQHandler
                0x0000000008004f28                DMA1_Channel1_IRQHandler
                0x0000000008004f28                Default_Handler
                0x0000000008004f28                USBWakeUp_RMP_IRQHandler
                0x0000000008004f28                EXTI15_10_IRQHandler
                0x0000000008004f28                TIM7_IRQHandler
                0x0000000008004f28                EXTI9_5_IRQHandler
                0x0000000008004f28                RTC_WKUP_IRQHandler
                0x0000000008004f28                SPI2_IRQHandler
                0x0000000008004f28                MemManage_Handler
                0x0000000008004f28                SVC_Handler
                0x0000000008004f28                DMA2_Channel5_IRQHandler
                0x0000000008004f28                DMA1_Channel5_IRQHandler
                0x0000000008004f28                USB_LP_IRQHandler
                0x0000000008004f28                EXTI4_IRQHandler
                0x0000000008004f28                TIM1_TRG_COM_TIM17_IRQHandler
                0x0000000008004f28                DMA1_Channel3_IRQHandler
                0x0000000008004f28                ADC4_IRQHandler
                0x0000000008004f28                WWDG_IRQHandler
                0x0000000008004f28                TIM2_IRQHandler
                0x0000000008004f28                COMP7_IRQHandler
                0x0000000008004f28                COMP1_2_3_IRQHandler
                0x0000000008004f28                EXTI1_IRQHandler
                0x0000000008004f28                USART2_IRQHandler
                0x0000000008004f28                COMP4_5_6_IRQHandler
                0x0000000008004f28                I2C2_ER_IRQHandler
                0x0000000008004f28                DMA1_Channel2_IRQHandler
                0x0000000008004f28                TIM8_BRK_IRQHandler
                0x0000000008004f28                FLASH_IRQHandler
                0x0000000008004f28                BusFault_Handler
                0x0000000008004f28                USART1_IRQHandler
                0x0000000008004f28                SPI3_IRQHandler
                0x0000000008004f28                I2C1_ER_IRQHandler
                0x0000000008004f28                USBWakeUp_IRQHandler
                0x0000000008004f28                DMA2_Channel3_IRQHandler
                0x0000000008004f28                EXTI2_TSC_IRQHandler
                0x0000000008004f28                TIM1_BRK_TIM15_IRQHandler
 *fill*         0x0000000008004f2a        0x2 
 .text.atexit   0x0000000008004f2c        0xc /usr/lib/gcc/arm-none-eabi/4.9.3/../../../arm-none-eabi/lib/armv7e-m/softfp/libg.a(lib_a-atexit.o)
                0x0000000008004f2c                atexit
 .text.__errno  0x0000000008004f38        0xc /usr/lib/gcc/arm-none-eabi/4.9.3/../../../arm-none-eabi/lib/armv7e-m/softfp/libg.a(lib_a-errno.o)
                0x0000000008004f38                __errno
 .text.__libc_fini_array
                0x0000000008004f44       0x30 /usr/lib/gcc/arm-none-eabi/4.9.3/../../../arm-none-eabi/lib/armv7e-m/softfp/libg.a(lib_a-fini.o)
                0x0000000008004f44                __libc_fini_array
 .text.__libc_init_array
                0x0000000008004f74       0x50 /usr/lib/gcc/arm-none-eabi/4.9.3/../../../arm-none-eabi/lib/armv7e-m/softfp/libg.a(lib_a-init.o)
                0x0000000008004f74                __libc_init_array
 .text.memset   0x0000000008004fc4       0x94 /usr/lib/gcc/arm-none-eabi/4.9.3/../../../arm-none-eabi/lib/armv7e-m/softfp/libg.a(lib_a-memset.o)
                0x0000000008004fc4                memset
 .text.putchar  0x0000000008005058       0x14 /usr/lib/gcc/arm-none-eabi/4.9.3/../../../arm-none-eabi/lib/armv7e-m/softfp/libg.a(lib_a-putchar.o)
                0x0000000008005058                putchar
 .text._puts_r  0x000000000800506c       0x5c /usr/lib/gcc/arm-none-eabi/4.9.3/../../../arm-none-eabi/lib/armv7e-m/softfp/libg.a(lib_a-puts.o)
                0x000000000800506c                _puts_r
 .text.puts     0x00000000080050c8       0x10 /usr/lib/gcc/arm-none-eabi/4.9.3/../../../arm-none-eabi/lib/armv7e-m/softfp/libg.a(lib_a-puts.o)
                0x00000000080050c8                puts
 .text.setvbuf  0x00000000080050d8      0x100 /usr/lib/gcc/arm-none-eabi/4.9.3/../../../arm-none-eabi/lib/armv7e-m/softfp/libg.a(lib_a-setvbuf.o)
                0x00000000080050d8                setvbuf
 .text.strcasecmp
                0x00000000080051d8       0x44 /usr/lib/gcc/arm-none-eabi/4.9.3/../../../arm-none-eabi/lib/armv7e-m/softfp/libg.a(lib_a-strcasecmp.o)
                0x00000000080051d8                strcasecmp
 .text.strcpy   0x000000000800521c       0xbc /usr/lib/gcc/arm-none-eabi/4.9.3/../../../arm-none-eabi/lib/armv7e-m/softfp/libg.a(lib_a-strcpy.o)
                0x000000000800521c                strcpy
 .text.strlen   0x00000000080052d8       0x5c /usr/lib/gcc/arm-none-eabi/4.9.3/../../../arm-none-eabi/lib/armv7e-m/softfp/libg.a(lib_a-strlen.o)
                0x00000000080052d8                strlen
 .text.strtok   0x0000000008005334       0x10 /usr/lib/gcc/arm-none-eabi/4.9.3/../../../arm-none-eabi/lib/armv7e-m/softfp/libg.a(lib_a-strtok.o)
                0x0000000008005334                strtok
 .text.__strtok_r
                0x0000000008005344       0x64 /usr/lib/gcc/arm-none-eabi/4.9.3/../../../arm-none-eabi/lib/armv7e-m/softfp/libg.a(lib_a-strtok_r.o)
                0x0000000008005344                __strtok_r
 .text._strtoul_r
                0x00000000080053a8      0x120 /usr/lib/gcc/arm-none-eabi/4.9.3/../../../arm-none-eabi/lib/armv7e-m/softfp/libg.a(lib_a-strtoul.o)
                0x00000000080053a8                _strtoul_r
 .text.strtoul  0x00000000080054c8       0x18 /usr/lib/gcc/arm-none-eabi/4.9.3/../../../arm-none-eabi/lib/armv7e-m/softfp/libg.a(lib_a-strtoul.o)
                0x00000000080054c8                strtoul
 .text.__register_exitproc
                0x00000000080054e0       0xa8 /usr/lib/gcc/arm-none-eabi/4.9.3/../../../arm-none-eabi/lib/armv7e-m/softfp/libg.a(lib_a-__atexit.o)
                0x00000000080054e0                __register_exitproc
 .text.startup.register_fini
                0x0000000008005588       0x14 /usr/lib/gcc/arm-none-eabi/4.9.3/../../../arm-none-eabi/lib/armv7e-m/softfp/libg.a(lib_a-__call_atexit.o)
 .text.__sflush_r
                0x000000000800559c      0x154 /usr/lib/gcc/arm-none-eabi/4.9.3/../../../arm-none-eabi/lib/armv7e-m/softfp/libg.a(lib_a-fflush.o)
                0x000000000800559c                __sflush_r
 .text._fflush_r
                0x00000000080056f0       0x2c /usr/lib/gcc/arm-none-eabi/4.9.3/../../../arm-none-eabi/lib/armv7e-m/softfp/libg.a(lib_a-fflush.o)
                0x00000000080056f0                _fflush_r
 .text._cleanup_r
                0x000000000800571c        0xc /usr/lib/gcc/arm-none-eabi/4.9.3/../../../arm-none-eabi/lib/armv7e-m/softfp/libg.a(lib_a-findfp.o)
                0x000000000800571c                _cleanup_r
 .text.__sinit  0x0000000008005728       0xf4 /usr/lib/gcc/arm-none-eabi/4.9.3/../../../arm-none-eabi/lib/armv7e-m/softfp/libg.a(lib_a-findfp.o)
                0x0000000008005728                __sinit
 .text.__sfp_lock_acquire
                0x000000000800581c        0x4 /usr/lib/gcc/arm-none-eabi/4.9.3/../../../arm-none-eabi/lib/armv7e-m/softfp/libg.a(lib_a-findfp.o)
                0x000000000800581c                __sfp_lock_acquire
 .text.__sfp_lock_release
                0x0000000008005820        0x4 /usr/lib/gcc/arm-none-eabi/4.9.3/../../../arm-none-eabi/lib/armv7e-m/softfp/libg.a(lib_a-findfp.o)
                0x0000000008005820                __sfp_lock_release
 .text._malloc_trim_r
                0x0000000008005824       0x9c /usr/lib/gcc/arm-none-eabi/4.9.3/../../../arm-none-eabi/lib/armv7e-m/softfp/libg.a(lib_a-freer.o)
                0x0000000008005824                _malloc_trim_r
 .text._free_r  0x00000000080058c0      0x19c /usr/lib/gcc/arm-none-eabi/4.9.3/../../../arm-none-eabi/lib/armv7e-m/softfp/libg.a(lib_a-freer.o)
                0x00000000080058c0                _free_r
 .text.__sfvwrite_r
                0x0000000008005a5c      0x318 /usr/lib/gcc/arm-none-eabi/4.9.3/../../../arm-none-eabi/lib/armv7e-m/softfp/libg.a(lib_a-fvwrite.o)
                0x0000000008005a5c                __sfvwrite_r
 .text._fwalk_reent
                0x0000000008005d74       0x58 /usr/lib/gcc/arm-none-eabi/4.9.3/../../../arm-none-eabi/lib/armv7e-m/softfp/libg.a(lib_a-fwalk.o)
                0x0000000008005d74                _fwalk_reent
 .text.malloc   0x0000000008005dcc       0x10 /usr/lib/gcc/arm-none-eabi/4.9.3/../../../arm-none-eabi/lib/armv7e-m/softfp/libg.a(lib_a-malloc.o)
                0x0000000008005dcc                malloc
 .text._malloc_r
                0x0000000008005ddc      0x548 /usr/lib/gcc/arm-none-eabi/4.9.3/../../../arm-none-eabi/lib/armv7e-m/softfp/libg.a(lib_a-mallocr.o)
                0x0000000008005ddc                _malloc_r
 .text.memchr   0x0000000008006324       0x90 /usr/lib/gcc/arm-none-eabi/4.9.3/../../../arm-none-eabi/lib/armv7e-m/softfp/libg.a(lib_a-memchr.o)
                0x0000000008006324                memchr
 .text.memmove  0x00000000080063b4       0xc0 /usr/lib/gcc/arm-none-eabi/4.9.3/../../../arm-none-eabi/lib/armv7e-m/softfp/libg.a(lib_a-memmove.o)
                0x00000000080063b4                memmove
 .text.__malloc_lock
                0x0000000008006474        0x4 /usr/lib/gcc/arm-none-eabi/4.9.3/../../../arm-none-eabi/lib/armv7e-m/softfp/libg.a(lib_a-mlock.o)
                0x0000000008006474                __malloc_lock
 .text.__malloc_unlock
                0x0000000008006478        0x4 /usr/lib/gcc/arm-none-eabi/4.9.3/../../../arm-none-eabi/lib/armv7e-m/softfp/libg.a(lib_a-mlock.o)
                0x0000000008006478                __malloc_unlock
 .text._putc_r  0x000000000800647c       0x58 /usr/lib/gcc/arm-none-eabi/4.9.3/../../../arm-none-eabi/lib/armv7e-m/softfp/libg.a(lib_a-putc.o)
                0x000000000800647c                _putc_r
 .text._realloc_r
                0x00000000080064d4      0x3cc /usr/lib/gcc/arm-none-eabi/4.9.3/../../../arm-none-eabi/lib/armv7e-m/softfp/libg.a(lib_a-reallocr.o)
                0x00000000080064d4                _realloc_r
 .text.__sread  0x00000000080068a0       0x24 /usr/lib/gcc/arm-none-eabi/4.9.3/../../../arm-none-eabi/lib/armv7e-m/softfp/libg.a(lib_a-stdio.o)
                0x00000000080068a0                __sread
 .text.__swrite
                0x00000000080068c4       0x38 /usr/lib/gcc/arm-none-eabi/4.9.3/../../../arm-none-eabi/lib/armv7e-m/softfp/libg.a(lib_a-stdio.o)
                0x00000000080068c4                __swrite
 .text.__sseek  0x00000000080068fc       0x20 /usr/lib/gcc/arm-none-eabi/4.9.3/../../../arm-none-eabi/lib/armv7e-m/softfp/libg.a(lib_a-stdio.o)
                0x00000000080068fc                __sseek
 .text.__sclose
                0x000000000800691c        0x8 /usr/lib/gcc/arm-none-eabi/4.9.3/../../../arm-none-eabi/lib/armv7e-m/softfp/libg.a(lib_a-stdio.o)
                0x000000000800691c                __sclose
 .text.__swbuf_r
                0x0000000008006924       0xa8 /usr/lib/gcc/arm-none-eabi/4.9.3/../../../arm-none-eabi/lib/armv7e-m/softfp/libg.a(lib_a-wbuf.o)
                0x0000000008006924                __swbuf_r
 .text.__swsetup_r
                0x00000000080069cc       0xc4 /usr/lib/gcc/arm-none-eabi/4.9.3/../../../arm-none-eabi/lib/armv7e-m/softfp/libg.a(lib_a-wsetup.o)
                0x00000000080069cc                __swsetup_r
 .text._fclose_r
                0x0000000008006a90       0x80 /usr/lib/gcc/arm-none-eabi/4.9.3/../../../arm-none-eabi/lib/armv7e-m/softfp/libg.a(lib_a-fclose.o)
                0x0000000008006a90                _fclose_r
 .text.__smakebuf_r
                0x0000000008006b10       0xe0 /usr/lib/gcc/arm-none-eabi/4.9.3/../../../arm-none-eabi/lib/armv7e-m/softfp/libg.a(lib_a-makebuf.o)
                0x0000000008006b10                __smakebuf_r
 *(.glue_7)
 .glue_7        0x0000000008006bf0        0x0 linker stubs
 *(.glue_7t)
 .glue_7t       0x0000000008006bf0        0x0 linker stubs
 *(.eh_frame)
 .eh_frame      0x0000000008006bf0        0x0 /usr/lib/gcc/arm-none-eabi/4.9.3/armv7e-m/softfp/crtbegin.o
 *(.init)
 .init          0x0000000008006bf0        0x4 /usr/lib/gcc/arm-none-eabi/4.9.3/armv7e-m/softfp/crti.o
                0x0000000008006bf0                _init
 .init          0x0000000008006bf4        0x8 /usr/lib/gcc/arm-none-eabi/4.9.3/armv7e-m/softfp/crtn.o
 *(.fini)
 .fini          0x0000000008006bfc        0x4 /usr/lib/gcc/arm-none-eabi/4.9.3/armv7e-m/softfp/crti.o
                0x0000000008006bfc                _fini
 .fini          0x0000000008006c00        0x8 /usr/lib/gcc/arm-none-eabi/4.9.3/armv7e-m/softfp/crtn.o
                0x0000000008006c08                . = ALIGN (0x4)
                0x0000000008006c08                _etext = .

.vfp11_veneer   0x0000000008006c08        0x0
 .vfp11_veneer  0x0000000008006c08        0x0 linker stubs

.v4_bx          0x0000000008006c08        0x0
 .v4_bx         0x0000000008006c08        0x0 linker stubs

.iplt           0x0000000008006c08        0x0
 .iplt          0x0000000008006c08        0x0 /usr/lib/gcc/arm-none-eabi/4.9.3/armv7e-m/softfp/crtbegin.o

.rodata         0x0000000008006c08    0x10724
                0x0000000008006c08                . = ALIGN (0x4)
 *(.rodata)
 *(.rodata*)
 .rodata.str1.1
                0x0000000008006c08      0x21f main.o
                                        0x226 (size before relaxing)
 .rodata.LEDs   0x0000000008006e27        0x8 main.o
                0x0000000008006e27                LEDs
 .rodata.str1.1
                0x0000000008006e2f       0x4b monitor.o
                                         0x4d (size before relaxing)
 .rodata.__FUNCTION__.5748
                0x0000000008006e7a        0x6 parser.o
 .rodata.str1.1
                0x0000000008006e80       0xe4 parser.o
 .rodata.str1.1
                0x0000000008006f64      0x1fc dump.o
                                        0x1fe (size before relaxing)
 .rodata.str1.1
                0x0000000008007160       0xaa terminal.o
                                         0xac (size before relaxing)
 .rodata.str1.1
                0x000000000800720a      0x4b8 decoder/decoder.o
                                        0x4c0 (size before relaxing)
 *fill*         0x00000000080076c2        0x2 
 .rodata.TIM1_CCER_fields
                0x00000000080076c4       0xa0 decoder/STM32F30x_decoder.o
                0x00000000080076c4                TIM1_CCER_fields
 .rodata.DMA1_registers
                0x0000000008007764      0x174 decoder/STM32F30x_decoder.o
                0x0000000008007764                DMA1_registers
 .rodata.SPI1_DR_fields
                0x00000000080078d8       0x10 decoder/STM32F30x_decoder.o
                0x00000000080078d8                SPI1_DR_fields
 .rodata.ADC1_2_CSR_fields
                0x00000000080078e8       0xb8 decoder/STM32F30x_decoder.o
                0x00000000080078e8                ADC1_2_CSR_fields
 .rodata.USB_FS_USB_EP3R_fields
                0x00000000080079a0       0x58 decoder/STM32F30x_decoder.o
                0x00000000080079a0                USB_FS_USB_EP3R_fields
 .rodata.GPIOB_PUPDR_fields
                0x00000000080079f8       0x88 decoder/STM32F30x_decoder.o
                0x00000000080079f8                GPIOB_PUPDR_fields
 .rodata.TSC_IOG8CR_fields
                0x0000000008007a80       0x10 decoder/STM32F30x_decoder.o
                0x0000000008007a80                TSC_IOG8CR_fields
 .rodata.TIM1_CCMR3_Output_fields
                0x0000000008007a90       0x58 decoder/STM32F30x_decoder.o
                0x0000000008007a90                TIM1_CCMR3_Output_fields
 .rodata.TIM1_SMCR_fields
                0x0000000008007ae8       0x50 decoder/STM32F30x_decoder.o
                0x0000000008007ae8                TIM1_SMCR_fields
 .rodata.RTC_SHIFTR_fields
                0x0000000008007b38       0x18 decoder/STM32F30x_decoder.o
                0x0000000008007b38                RTC_SHIFTR_fields
 .rodata.CAN_F24R1_fields
                0x0000000008007b50      0x108 decoder/STM32F30x_decoder.o
                0x0000000008007b50                CAN_F24R1_fields
 .rodata.RTC_TSDR_fields
                0x0000000008007c58       0x30 decoder/STM32F30x_decoder.o
                0x0000000008007c58                RTC_TSDR_fields
 .rodata.RTC_BKP22R_fields
                0x0000000008007c88       0x10 decoder/STM32F30x_decoder.o
                0x0000000008007c88                RTC_BKP22R_fields
 .rodata.TIM1_CCMR2_Output_fields
                0x0000000008007c98       0x68 decoder/STM32F30x_decoder.o
                0x0000000008007c98                TIM1_CCMR2_Output_fields
 .rodata.TIM17_RCR_fields
                0x0000000008007d00       0x10 decoder/STM32F30x_decoder.o
                0x0000000008007d00                TIM17_RCR_fields
 .rodata.EXTI_EMR1_fields
                0x0000000008007d10      0x108 decoder/STM32F30x_decoder.o
                0x0000000008007d10                EXTI_EMR1_fields
 .rodata.CAN_F11R2_fields
                0x0000000008007e18      0x108 decoder/STM32F30x_decoder.o
                0x0000000008007e18                CAN_F11R2_fields
 .rodata.USB_FS_ISTR_fields
                0x0000000008007f20       0x58 decoder/STM32F30x_decoder.o
                0x0000000008007f20                USB_FS_ISTR_fields
 .rodata.I2C1_ICR_fields
                0x0000000008007f78       0x50 decoder/STM32F30x_decoder.o
                0x0000000008007f78                I2C1_ICR_fields
 .rodata.TIM16_ARR_fields
                0x0000000008007fc8       0x10 decoder/STM32F30x_decoder.o
                0x0000000008007fc8                TIM16_ARR_fields
 .rodata.RTC_ISR_fields
                0x0000000008007fd8       0x90 decoder/STM32F30x_decoder.o
                0x0000000008007fd8                RTC_ISR_fields
 .rodata.RTC_BKP27R_fields
                0x0000000008008068       0x10 decoder/STM32F30x_decoder.o
                0x0000000008008068                RTC_BKP27R_fields
 .rodata.TIM8_CCR6_fields
                0x0000000008008078       0x10 decoder/STM32F30x_decoder.o
                0x0000000008008078                TIM8_CCR6_fields
 .rodata.TIM17_BDTR_fields
                0x0000000008008088       0x50 decoder/STM32F30x_decoder.o
                0x0000000008008088                TIM17_BDTR_fields
 .rodata.TIM8_CCMR1_Input_fields
                0x00000000080080d8       0x38 decoder/STM32F30x_decoder.o
                0x00000000080080d8                TIM8_CCMR1_Input_fields
 .rodata.DAC_registers
                0x0000000008008110       0xb4 decoder/STM32F30x_decoder.o
                0x0000000008008110                DAC_registers
 .rodata.IWDG_WINR_fields
                0x00000000080081c4       0x10 decoder/STM32F30x_decoder.o
                0x00000000080081c4                IWDG_WINR_fields
 .rodata.CAN_F19R2_fields
                0x00000000080081d4      0x108 decoder/STM32F30x_decoder.o
                0x00000000080081d4                CAN_F19R2_fields
 .rodata.CAN_RF1R_fields
                0x00000000080082dc       0x28 decoder/STM32F30x_decoder.o
                0x00000000080082dc                CAN_RF1R_fields
 .rodata.RTC_BKP16R_fields
                0x0000000008008304       0x10 decoder/STM32F30x_decoder.o
                0x0000000008008304                RTC_BKP16R_fields
 .rodata.RTC_CALR_fields
                0x0000000008008314       0x28 decoder/STM32F30x_decoder.o
                0x0000000008008314                RTC_CALR_fields
 .rodata.TIM2_SR_fields
                0x000000000800833c       0x58 decoder/STM32F30x_decoder.o
                0x000000000800833c                TIM2_SR_fields
 .rodata.SYSCFG_EXTICR2_fields
                0x0000000008008394       0x28 decoder/STM32F30x_decoder.o
                0x0000000008008394                SYSCFG_EXTICR2_fields
 .rodata.CAN_MCR_fields
                0x00000000080083bc       0x58 decoder/STM32F30x_decoder.o
                0x00000000080083bc                CAN_MCR_fields
 .rodata.TIM17_SR_fields
                0x0000000008008414       0x38 decoder/STM32F30x_decoder.o
                0x0000000008008414                TIM17_SR_fields
 .rodata.USART1_GTPR_fields
                0x000000000800844c       0x18 decoder/STM32F30x_decoder.o
                0x000000000800844c                USART1_GTPR_fields
 .rodata.DAC_DOR1_fields
                0x0000000008008464       0x10 decoder/STM32F30x_decoder.o
                0x0000000008008464                DAC_DOR1_fields
 .rodata.CAN_F1R1_fields
                0x0000000008008474      0x108 decoder/STM32F30x_decoder.o
                0x0000000008008474                CAN_F1R1_fields
 .rodata.CAN_FA1R_fields
                0x000000000800857c       0xe8 decoder/STM32F30x_decoder.o
                0x000000000800857c                CAN_FA1R_fields
 .rodata.RTC_BKP6R_fields
                0x0000000008008664       0x10 decoder/STM32F30x_decoder.o
                0x0000000008008664                RTC_BKP6R_fields
 .rodata.RCC_CFGR_fields
                0x0000000008008674       0x68 decoder/STM32F30x_decoder.o
                0x0000000008008674                RCC_CFGR_fields
 .rodata.PWR_CR_fields
                0x00000000080086dc       0x40 decoder/STM32F30x_decoder.o
                0x00000000080086dc                PWR_CR_fields
 .rodata.NVIC_ISER0_fields
                0x000000000800871c       0x10 decoder/STM32F30x_decoder.o
                0x000000000800871c                NVIC_ISER0_fields
 .rodata.DMA1_CPAR7_fields
                0x000000000800872c       0x10 decoder/STM32F30x_decoder.o
                0x000000000800872c                DMA1_CPAR7_fields
 .rodata.TSC_IOHCR_fields
                0x000000000800873c      0x108 decoder/STM32F30x_decoder.o
                0x000000000800873c                TSC_IOHCR_fields
 .rodata.CAN_F27R1_fields
                0x0000000008008844      0x108 decoder/STM32F30x_decoder.o
                0x0000000008008844                CAN_F27R1_fields
 .rodata.TIM6_ARR_fields
                0x000000000800894c       0x10 decoder/STM32F30x_decoder.o
                0x000000000800894c                TIM6_ARR_fields
 .rodata.CAN_F12R1_fields
                0x000000000800895c      0x108 decoder/STM32F30x_decoder.o
                0x000000000800895c                CAN_F12R1_fields
 .rodata.TIM15_DCR_fields
                0x0000000008008a64       0x18 decoder/STM32F30x_decoder.o
                0x0000000008008a64                TIM15_DCR_fields
 .rodata.NVIC_IPR18_fields
                0x0000000008008a7c       0x28 decoder/STM32F30x_decoder.o
                0x0000000008008a7c                NVIC_IPR18_fields
 .rodata.RTC_BKP13R_fields
                0x0000000008008aa4       0x10 decoder/STM32F30x_decoder.o
                0x0000000008008aa4                RTC_BKP13R_fields
 .rodata.CAN_BTR_fields
                0x0000000008008ab4       0x38 decoder/STM32F30x_decoder.o
                0x0000000008008ab4                CAN_BTR_fields
 .rodata.TIM15_BDTR_fields
                0x0000000008008aec       0x50 decoder/STM32F30x_decoder.o
                0x0000000008008aec                TIM15_BDTR_fields
 .rodata.NVIC_IPR1_fields
                0x0000000008008b3c       0x28 decoder/STM32F30x_decoder.o
                0x0000000008008b3c                NVIC_IPR1_fields
 .rodata.TIM15_PSC_fields
                0x0000000008008b64       0x10 decoder/STM32F30x_decoder.o
                0x0000000008008b64                TIM15_PSC_fields
 .rodata.Flash_ACR_fields
                0x0000000008008b74       0x20 decoder/STM32F30x_decoder.o
                0x0000000008008b74                Flash_ACR_fields
 .rodata.TIM17_CCMR1_Output_fields
                0x0000000008008b94       0x30 decoder/STM32F30x_decoder.o
                0x0000000008008b94                TIM17_CCMR1_Output_fields
 .rodata.TIM2_ARR_fields
                0x0000000008008bc4       0x18 decoder/STM32F30x_decoder.o
                0x0000000008008bc4                TIM2_ARR_fields
 .rodata.Flash_registers
                0x0000000008008bdc       0x6c decoder/STM32F30x_decoder.o
                0x0000000008008bdc                Flash_registers
 .rodata.CAN_TDH0R_fields
                0x0000000008008c48       0x28 decoder/STM32F30x_decoder.o
                0x0000000008008c48                CAN_TDH0R_fields
 .rodata.TIM1_DCR_fields
                0x0000000008008c70       0x18 decoder/STM32F30x_decoder.o
                0x0000000008008c70                TIM1_DCR_fields
 .rodata.CAN_TI2R_fields
                0x0000000008008c88       0x30 decoder/STM32F30x_decoder.o
                0x0000000008008c88                CAN_TI2R_fields
 .rodata.ADC1_IER_fields
                0x0000000008008cb8       0x60 decoder/STM32F30x_decoder.o
                0x0000000008008cb8                ADC1_IER_fields
 .rodata.NVIC_ICPR2_fields
                0x0000000008008d18       0x10 decoder/STM32F30x_decoder.o
                0x0000000008008d18                NVIC_ICPR2_fields
 .rodata.EXTI_IMR1_fields
                0x0000000008008d28      0x108 decoder/STM32F30x_decoder.o
                0x0000000008008d28                EXTI_IMR1_fields
 .rodata.TSC_IOASCR_fields
                0x0000000008008e30      0x108 decoder/STM32F30x_decoder.o
                0x0000000008008e30                TSC_IOASCR_fields
 .rodata.RCC_CFGR2_fields
                0x0000000008008f38       0x20 decoder/STM32F30x_decoder.o
                0x0000000008008f38                RCC_CFGR2_fields
 .rodata.TIM1_PSC_fields
                0x0000000008008f58       0x10 decoder/STM32F30x_decoder.o
                0x0000000008008f58                TIM1_PSC_fields
 .rodata.Flash_KEYR_fields
                0x0000000008008f68       0x10 decoder/STM32F30x_decoder.o
                0x0000000008008f68                Flash_KEYR_fields
 .rodata.TIM8_CR2_fields
                0x0000000008008f78       0x80 decoder/STM32F30x_decoder.o
                0x0000000008008f78                TIM8_CR2_fields
 .rodata.ADC1_CFGR_fields
                0x0000000008008ff8       0xa0 decoder/STM32F30x_decoder.o
                0x0000000008008ff8                ADC1_CFGR_fields
 .rodata.TIM17_EGR_fields
                0x0000000008009098       0x30 decoder/STM32F30x_decoder.o
                0x0000000008009098                TIM17_EGR_fields
 .rodata.TSC_IOGCSR_fields
                0x00000000080090c8       0x88 decoder/STM32F30x_decoder.o
                0x00000000080090c8                TSC_IOGCSR_fields
 .rodata.NVIC_IPR0_fields
                0x0000000008009150       0x28 decoder/STM32F30x_decoder.o
                0x0000000008009150                NVIC_IPR0_fields
 .rodata.NVIC_IPR8_fields
                0x0000000008009178       0x28 decoder/STM32F30x_decoder.o
                0x0000000008009178                NVIC_IPR8_fields
 .rodata.RTC_WUTR_fields
                0x00000000080091a0       0x10 decoder/STM32F30x_decoder.o
                0x00000000080091a0                RTC_WUTR_fields
 .rodata.GPIOB_OSPEEDR_fields
                0x00000000080091b0       0x88 decoder/STM32F30x_decoder.o
                0x00000000080091b0                GPIOB_OSPEEDR_fields
 .rodata.ADC1_ISR_fields
                0x0000000008009238       0x60 decoder/STM32F30x_decoder.o
                0x0000000008009238                ADC1_ISR_fields
 .rodata.NVIC_ICER1_fields
                0x0000000008009298       0x10 decoder/STM32F30x_decoder.o
                0x0000000008009298                NVIC_ICER1_fields
 .rodata.RTC_BKP7R_fields
                0x00000000080092a8       0x10 decoder/STM32F30x_decoder.o
                0x00000000080092a8                RTC_BKP7R_fields
 .rodata.CAN_RF0R_fields
                0x00000000080092b8       0x28 decoder/STM32F30x_decoder.o
                0x00000000080092b8                CAN_RF0R_fields
 .rodata.CAN_FS1R_fields
                0x00000000080092e0       0xe8 decoder/STM32F30x_decoder.o
                0x00000000080092e0                CAN_FS1R_fields
 .rodata.GPIOA_AFRL_fields
                0x00000000080093c8       0x48 decoder/STM32F30x_decoder.o
                0x00000000080093c8                GPIOA_AFRL_fields
 .rodata.DMA1_CMAR3_fields
                0x0000000008009410       0x10 decoder/STM32F30x_decoder.o
                0x0000000008009410                DMA1_CMAR3_fields
 .rodata.ADC1_SQR1_fields
                0x0000000008009420       0x30 decoder/STM32F30x_decoder.o
                0x0000000008009420                ADC1_SQR1_fields
 .rodata.CAN_F15R2_fields
                0x0000000008009450      0x108 decoder/STM32F30x_decoder.o
                0x0000000008009450                CAN_F15R2_fields
 .rodata.IWDG_PR_fields
                0x0000000008009558       0x10 decoder/STM32F30x_decoder.o
                0x0000000008009558                IWDG_PR_fields
 .rodata.TIM2_DMAR_fields
                0x0000000008009568       0x10 decoder/STM32F30x_decoder.o
                0x0000000008009568                TIM2_DMAR_fields
 .rodata.I2C1_TIMEOUTR_fields
                0x0000000008009578       0x30 decoder/STM32F30x_decoder.o
                0x0000000008009578                I2C1_TIMEOUTR_fields
 .rodata.GPIOB_LCKR_fields
                0x00000000080095a8       0x90 decoder/STM32F30x_decoder.o
                0x00000000080095a8                GPIOB_LCKR_fields
 .rodata.DAC_DHR8R1_fields
                0x0000000008009638       0x10 decoder/STM32F30x_decoder.o
                0x0000000008009638                DAC_DHR8R1_fields
 .rodata.TIM1_CCMR1_Output_fields
                0x0000000008009648       0x68 decoder/STM32F30x_decoder.o
                0x0000000008009648                TIM1_CCMR1_Output_fields
 .rodata.TIM1_CCR2_fields
                0x00000000080096b0       0x10 decoder/STM32F30x_decoder.o
                0x00000000080096b0                TIM1_CCR2_fields
 .rodata.TIM1_OR_fields
                0x00000000080096c0       0x18 decoder/STM32F30x_decoder.o
                0x00000000080096c0                TIM1_OR_fields
 .rodata.USART1_TDR_fields
                0x00000000080096d8       0x10 decoder/STM32F30x_decoder.o
                0x00000000080096d8                USART1_TDR_fields
 .rodata.NVIC_STIR_fields
                0x00000000080096e8       0x10 decoder/STM32F30x_decoder.o
                0x00000000080096e8                NVIC_STIR_fields
 .rodata.USB_FS_USB_EP7R_fields
                0x00000000080096f8       0x58 decoder/STM32F30x_decoder.o
                0x00000000080096f8                USB_FS_USB_EP7R_fields
 .rodata.ADC1_SQR4_fields
                0x0000000008009750       0x18 decoder/STM32F30x_decoder.o
                0x0000000008009750                ADC1_SQR4_fields
 .rodata.SYSCFG_registers
                0x0000000008009768       0x60 decoder/STM32F30x_decoder.o
                0x0000000008009768                SYSCFG_registers
 .rodata.PWR_CSR_fields
                0x00000000080097c8       0x30 decoder/STM32F30x_decoder.o
                0x00000000080097c8                PWR_CSR_fields
 .rodata.GPIOB_AFRH_fields
                0x00000000080097f8       0x48 decoder/STM32F30x_decoder.o
                0x00000000080097f8                GPIOB_AFRH_fields
 .rodata.FPU_FPCCR_fields
                0x0000000008009840       0x50 decoder/STM32F30x_decoder.o
                0x0000000008009840                FPU_FPCCR_fields
 .rodata.DBGMCU_APB2FZ_fields
                0x0000000008009890       0x28 decoder/STM32F30x_decoder.o
                0x0000000008009890                DBGMCU_APB2FZ_fields
 .rodata.TIM8_CCR1_fields
                0x00000000080098b8       0x10 decoder/STM32F30x_decoder.o
                0x00000000080098b8                TIM8_CCR1_fields
 .rodata.WWDG_SR_fields
                0x00000000080098c8       0x10 decoder/STM32F30x_decoder.o
                0x00000000080098c8                WWDG_SR_fields
 .rodata.TIM16_DIER_fields
                0x00000000080098d8       0x50 decoder/STM32F30x_decoder.o
                0x00000000080098d8                TIM16_DIER_fields
 .rodata.TIM1_CCR5_fields
                0x0000000008009928       0x28 decoder/STM32F30x_decoder.o
                0x0000000008009928                TIM1_CCR5_fields
 .rodata.TIM8_BDTR_fields
                0x0000000008009950       0x68 decoder/STM32F30x_decoder.o
                0x0000000008009950                TIM8_BDTR_fields
 .rodata.Flash_CR_fields
                0x00000000080099b8       0x60 decoder/STM32F30x_decoder.o
                0x00000000080099b8                Flash_CR_fields
 .rodata.RTC_BKP26R_fields
                0x0000000008009a18       0x10 decoder/STM32F30x_decoder.o
                0x0000000008009a18                RTC_BKP26R_fields
 .rodata.Flash_OBR_fields
                0x0000000008009a28       0x60 decoder/STM32F30x_decoder.o
                0x0000000008009a28                Flash_OBR_fields
 .rodata.ADC1_AWD2CR_fields
                0x0000000008009a88       0x10 decoder/STM32F30x_decoder.o
                0x0000000008009a88                ADC1_AWD2CR_fields
 .rodata.FPU_registers
                0x0000000008009a98       0x54 decoder/STM32F30x_decoder.o
                0x0000000008009a98                FPU_registers
 .rodata.DAC_CR_fields
                0x0000000008009aec       0x88 decoder/STM32F30x_decoder.o
                0x0000000008009aec                DAC_CR_fields
 .rodata.NVIC_IPR10_fields
                0x0000000008009b74       0x28 decoder/STM32F30x_decoder.o
                0x0000000008009b74                NVIC_IPR10_fields
 .rodata.TIM15_CCR1_fields
                0x0000000008009b9c       0x10 decoder/STM32F30x_decoder.o
                0x0000000008009b9c                TIM15_CCR1_fields
 .rodata.RTC_ALRMAR_fields
                0x0000000008009bac       0x78 decoder/STM32F30x_decoder.o
                0x0000000008009bac                RTC_ALRMAR_fields
 .rodata.GPIOA_BSRR_fields
                0x0000000008009c24      0x108 decoder/STM32F30x_decoder.o
                0x0000000008009c24                GPIOA_BSRR_fields
 .rodata.TIM16_SR_fields
                0x0000000008009d2c       0x38 decoder/STM32F30x_decoder.o
                0x0000000008009d2c                TIM16_SR_fields
 .rodata.CAN_F6R1_fields
                0x0000000008009d64      0x108 decoder/STM32F30x_decoder.o
                0x0000000008009d64                CAN_F6R1_fields
 .rodata.ADC1_OFR1_fields
                0x0000000008009e6c       0x20 decoder/STM32F30x_decoder.o
                0x0000000008009e6c                ADC1_OFR1_fields
 .rodata.TIM15_CR1_fields
                0x0000000008009e8c       0x40 decoder/STM32F30x_decoder.o
                0x0000000008009e8c                TIM15_CR1_fields
 .rodata.NVIC_IABR2_fields
                0x0000000008009ecc       0x10 decoder/STM32F30x_decoder.o
                0x0000000008009ecc                NVIC_IABR2_fields
 .rodata.DMA1_CCR2_fields
                0x0000000008009edc       0x68 decoder/STM32F30x_decoder.o
                0x0000000008009edc                DMA1_CCR2_fields
 .rodata.NVIC_IPR13_fields
                0x0000000008009f44       0x28 decoder/STM32F30x_decoder.o
                0x0000000008009f44                NVIC_IPR13_fields
 .rodata.CAN_F22R2_fields
                0x0000000008009f6c      0x108 decoder/STM32F30x_decoder.o
                0x0000000008009f6c                CAN_F22R2_fields
 .rodata.CAN_F0R2_fields
                0x000000000800a074      0x108 decoder/STM32F30x_decoder.o
                0x000000000800a074                CAN_F0R2_fields
 .rodata.RTC_BKP0R_fields
                0x000000000800a17c       0x10 decoder/STM32F30x_decoder.o
                0x000000000800a17c                RTC_BKP0R_fields
 .rodata.CAN_F19R1_fields
                0x000000000800a18c      0x108 decoder/STM32F30x_decoder.o
                0x000000000800a18c                CAN_F19R1_fields
 .rodata.DMA1_IFCR_fields
                0x000000000800a294       0xe8 decoder/STM32F30x_decoder.o
                0x000000000800a294                DMA1_IFCR_fields
 .rodata.TIM16_CCMR1_Input_fields
                0x000000000800a37c       0x20 decoder/STM32F30x_decoder.o
                0x000000000800a37c                TIM16_CCMR1_Input_fields
 .rodata.TIM2_SMCR_fields
                0x000000000800a39c       0x50 decoder/STM32F30x_decoder.o
                0x000000000800a39c                TIM2_SMCR_fields
 .rodata.CAN_TDT1R_fields
                0x000000000800a3ec       0x20 decoder/STM32F30x_decoder.o
                0x000000000800a3ec                CAN_TDT1R_fields
 .rodata.COMP_COMP6_CSR_fields
                0x000000000800a40c       0x60 decoder/STM32F30x_decoder.o
                0x000000000800a40c                COMP_COMP6_CSR_fields
 .rodata.I2C1_CR2_fields
                0x000000000800a46c       0x70 decoder/STM32F30x_decoder.o
                0x000000000800a46c                I2C1_CR2_fields
 .rodata.TIM1_CR1_fields
                0x000000000800a4dc       0x50 decoder/STM32F30x_decoder.o
                0x000000000800a4dc                TIM1_CR1_fields
 .rodata.CAN_F26R2_fields
                0x000000000800a52c      0x108 decoder/STM32F30x_decoder.o
                0x000000000800a52c                CAN_F26R2_fields
 .rodata.RTC_BKP10R_fields
                0x000000000800a634       0x10 decoder/STM32F30x_decoder.o
                0x000000000800a634                RTC_BKP10R_fields
 .rodata.DMA1_CMAR6_fields
                0x000000000800a644       0x10 decoder/STM32F30x_decoder.o
                0x000000000800a644                DMA1_CMAR6_fields
 .rodata.CAN_F23R1_fields
                0x000000000800a654      0x108 decoder/STM32F30x_decoder.o
                0x000000000800a654                CAN_F23R1_fields
 .rodata.NVIC_IPR20_fields
                0x000000000800a75c       0x28 decoder/STM32F30x_decoder.o
                0x000000000800a75c                NVIC_IPR20_fields
 .rodata.ADC1_DR_fields
                0x000000000800a784       0x10 decoder/STM32F30x_decoder.o
                0x000000000800a784                ADC1_DR_fields
 .rodata.CAN_F16R1_fields
                0x000000000800a794      0x108 decoder/STM32F30x_decoder.o
                0x000000000800a794                CAN_F16R1_fields
 .rodata.TSC_registers
                0x000000000800a89c       0xd8 decoder/STM32F30x_decoder.o
                0x000000000800a89c                TSC_registers
 .rodata.ADC1_registers
                0x000000000800a974      0x150 decoder/STM32F30x_decoder.o
                0x000000000800a974                ADC1_registers
 .rodata.TIM17_CR2_fields
                0x000000000800aac4       0x30 decoder/STM32F30x_decoder.o
                0x000000000800aac4                TIM17_CR2_fields
 .rodata.PWR_registers
                0x000000000800aaf4       0x24 decoder/STM32F30x_decoder.o
                0x000000000800aaf4                PWR_registers
 .rodata.TIM8_ARR_fields
                0x000000000800ab18       0x10 decoder/STM32F30x_decoder.o
                0x000000000800ab18                TIM8_ARR_fields
 .rodata.EXTI_RTSR1_fields
                0x000000000800ab28       0xd8 decoder/STM32F30x_decoder.o
                0x000000000800ab28                EXTI_RTSR1_fields
 .rodata.RCC_APB2ENR_fields
                0x000000000800ac00       0x48 decoder/STM32F30x_decoder.o
                0x000000000800ac00                RCC_APB2ENR_fields
 .rodata.NVIC_IPR3_fields
                0x000000000800ac48       0x28 decoder/STM32F30x_decoder.o
                0x000000000800ac48                NVIC_IPR3_fields
 .rodata.I2C1_TIMINGR_fields
                0x000000000800ac70       0x30 decoder/STM32F30x_decoder.o
                0x000000000800ac70                I2C1_TIMINGR_fields
 .rodata.USART1_CR1_fields
                0x000000000800aca0       0xa8 decoder/STM32F30x_decoder.o
                0x000000000800aca0                USART1_CR1_fields
 .rodata.CAN_F13R1_fields
                0x000000000800ad48      0x108 decoder/STM32F30x_decoder.o
                0x000000000800ad48                CAN_F13R1_fields
 .rodata.RCC_CSR_fields
                0x000000000800ae50       0x58 decoder/STM32F30x_decoder.o
                0x000000000800ae50                RCC_CSR_fields
 .rodata.GPIOB_BSRR_fields
                0x000000000800aea8      0x108 decoder/STM32F30x_decoder.o
                0x000000000800aea8                GPIOB_BSRR_fields
 .rodata.DES_UID0_fields
                0x000000000800afb0       0x18 decoder/STM32F30x_decoder.o
                0x000000000800afb0                DES_UID0_fields
 .rodata.NVIC_IABR0_fields
                0x000000000800afc8       0x10 decoder/STM32F30x_decoder.o
                0x000000000800afc8                NVIC_IABR0_fields
 .rodata.TIM2_EGR_fields
                0x000000000800afd8       0x38 decoder/STM32F30x_decoder.o
                0x000000000800afd8                TIM2_EGR_fields
 .rodata.USART1_CR3_fields
                0x000000000800b010       0xa0 decoder/STM32F30x_decoder.o
                0x000000000800b010                USART1_CR3_fields
 .rodata.TIM2_DIER_fields
                0x000000000800b0b0       0x68 decoder/STM32F30x_decoder.o
                0x000000000800b0b0                TIM2_DIER_fields
 .rodata.CAN_MSR_fields
                0x000000000800b118       0x50 decoder/STM32F30x_decoder.o
                0x000000000800b118                CAN_MSR_fields
 .rodata.DAC_DHR12L1_fields
                0x000000000800b168       0x10 decoder/STM32F30x_decoder.o
                0x000000000800b168                DAC_DHR12L1_fields
 .rodata.FPU_MVFR0_fields
                0x000000000800b178       0x48 decoder/STM32F30x_decoder.o
                0x000000000800b178                FPU_MVFR0_fields
 .rodata.SPI1_CR1_fields
                0x000000000800b1c0       0x78 decoder/STM32F30x_decoder.o
                0x000000000800b1c0                SPI1_CR1_fields
 .rodata.EXTI_registers
                0x000000000800b238       0x9c decoder/STM32F30x_decoder.o
                0x000000000800b238                EXTI_registers
 .rodata.USB_FS_DADDR_fields
                0x000000000800b2d4       0x48 decoder/STM32F30x_decoder.o
                0x000000000800b2d4                USB_FS_DADDR_fields
 .rodata.RTC_BKP8R_fields
                0x000000000800b31c       0x10 decoder/STM32F30x_decoder.o
                0x000000000800b31c                RTC_BKP8R_fields
 .rodata.CAN_F2R1_fields
                0x000000000800b32c      0x108 decoder/STM32F30x_decoder.o
                0x000000000800b32c                CAN_F2R1_fields
 .rodata.TIM8_CCR4_fields
                0x000000000800b434       0x10 decoder/STM32F30x_decoder.o
                0x000000000800b434                TIM8_CCR4_fields
 .rodata.USB_FS_USB_EP4R_fields
                0x000000000800b444       0x58 decoder/STM32F30x_decoder.o
                0x000000000800b444                USB_FS_USB_EP4R_fields
 .rodata.TIM8_CNT_fields
                0x000000000800b49c       0x18 decoder/STM32F30x_decoder.o
                0x000000000800b49c                TIM8_CNT_fields
 .rodata.RTC_PRER_fields
                0x000000000800b4b4       0x18 decoder/STM32F30x_decoder.o
                0x000000000800b4b4                RTC_PRER_fields
 .rodata.TIM1_SR_fields
                0x000000000800b4cc       0x80 decoder/STM32F30x_decoder.o
                0x000000000800b4cc                TIM1_SR_fields
 .rodata.DMA1_CPAR2_fields
                0x000000000800b54c       0x10 decoder/STM32F30x_decoder.o
                0x000000000800b54c                DMA1_CPAR2_fields
 .rodata.NVIC_IPR15_fields
                0x000000000800b55c       0x28 decoder/STM32F30x_decoder.o
                0x000000000800b55c                NVIC_IPR15_fields
 .rodata.TSC_CR_fields
                0x000000000800b584       0x68 decoder/STM32F30x_decoder.o
                0x000000000800b584                TSC_CR_fields
 .rodata.SPI1_SR_fields
                0x000000000800b5ec       0x60 decoder/STM32F30x_decoder.o
                0x000000000800b5ec                SPI1_SR_fields
 .rodata.ADC1_JDR3_fields
                0x000000000800b64c       0x10 decoder/STM32F30x_decoder.o
                0x000000000800b64c                ADC1_JDR3_fields
 .rodata.NVIC_ICTR_fields
                0x000000000800b65c       0x10 decoder/STM32F30x_decoder.o
                0x000000000800b65c                NVIC_ICTR_fields
 .rodata.RTC_BKP30R_fields
                0x000000000800b66c       0x10 decoder/STM32F30x_decoder.o
                0x000000000800b66c                RTC_BKP30R_fields
 .rodata.RTC_BKP23R_fields
                0x000000000800b67c       0x10 decoder/STM32F30x_decoder.o
                0x000000000800b67c                RTC_BKP23R_fields
 .rodata.I2C1_OAR2_fields
                0x000000000800b68c       0x20 decoder/STM32F30x_decoder.o
                0x000000000800b68c                I2C1_OAR2_fields
 .rodata.DMA1_CNDTR3_fields
                0x000000000800b6ac       0x10 decoder/STM32F30x_decoder.o
                0x000000000800b6ac                DMA1_CNDTR3_fields
 .rodata.RTC_registers
                0x000000000800b6bc      0x264 decoder/STM32F30x_decoder.o
                0x000000000800b6bc                RTC_registers
 .rodata.CAN_F2R2_fields
                0x000000000800b920      0x108 decoder/STM32F30x_decoder.o
                0x000000000800b920                CAN_F2R2_fields
 .rodata.NVIC_ISPR2_fields
                0x000000000800ba28       0x10 decoder/STM32F30x_decoder.o
                0x000000000800ba28                NVIC_ISPR2_fields
 .rodata.DMA1_CPAR5_fields
                0x000000000800ba38       0x10 decoder/STM32F30x_decoder.o
                0x000000000800ba38                DMA1_CPAR5_fields
 .rodata.TIM2_CCR4_fields
                0x000000000800ba48       0x18 decoder/STM32F30x_decoder.o
                0x000000000800ba48                TIM2_CCR4_fields
 .rodata.GPIOB_IDR_fields
                0x000000000800ba60       0x88 decoder/STM32F30x_decoder.o
                0x000000000800ba60                GPIOB_IDR_fields
 .rodata.ADC1_OFR4_fields
                0x000000000800bae8       0x20 decoder/STM32F30x_decoder.o
                0x000000000800bae8                ADC1_OFR4_fields
 .rodata.CAN_RI1R_fields
                0x000000000800bb08       0x28 decoder/STM32F30x_decoder.o
                0x000000000800bb08                CAN_RI1R_fields
 .rodata.CAN_F18R1_fields
                0x000000000800bb30      0x108 decoder/STM32F30x_decoder.o
                0x000000000800bb30                CAN_F18R1_fields
 .rodata.TSC_IOG5CR_fields
                0x000000000800bc38       0x10 decoder/STM32F30x_decoder.o
                0x000000000800bc38                TSC_IOG5CR_fields
 .rodata.DAC_DOR2_fields
                0x000000000800bc48       0x10 decoder/STM32F30x_decoder.o
                0x000000000800bc48                DAC_DOR2_fields
 .rodata.DMA1_CCR5_fields
                0x000000000800bc58       0x68 decoder/STM32F30x_decoder.o
                0x000000000800bc58                DMA1_CCR5_fields
 .rodata.DMA1_CNDTR6_fields
                0x000000000800bcc0       0x10 decoder/STM32F30x_decoder.o
                0x000000000800bcc0                DMA1_CNDTR6_fields
 .rodata.EXTI_SWIER2_fields
                0x000000000800bcd0       0x18 decoder/STM32F30x_decoder.o
                0x000000000800bcd0                EXTI_SWIER2_fields
 .rodata.CAN_RDH0R_fields
                0x000000000800bce8       0x28 decoder/STM32F30x_decoder.o
                0x000000000800bce8                CAN_RDH0R_fields
 .rodata.TIM6_PSC_fields
                0x000000000800bd10       0x10 decoder/STM32F30x_decoder.o
                0x000000000800bd10                TIM6_PSC_fields
 .rodata.CAN_TSR_fields
                0x000000000800bd20       0xb8 decoder/STM32F30x_decoder.o
                0x000000000800bd20                CAN_TSR_fields
 .rodata.CAN_TDL0R_fields
                0x000000000800bdd8       0x28 decoder/STM32F30x_decoder.o
                0x000000000800bdd8                CAN_TDL0R_fields
 .rodata.CAN_F5R2_fields
                0x000000000800be00      0x108 decoder/STM32F30x_decoder.o
                0x000000000800be00                CAN_F5R2_fields
 .rodata.TSC_IOG1CR_fields
                0x000000000800bf08       0x10 decoder/STM32F30x_decoder.o
                0x000000000800bf08                TSC_IOG1CR_fields
 .rodata.CAN_F11R1_fields
                0x000000000800bf18      0x108 decoder/STM32F30x_decoder.o
                0x000000000800bf18                CAN_F11R1_fields
 .rodata.TIM6_CR2_fields
                0x000000000800c020       0x10 decoder/STM32F30x_decoder.o
                0x000000000800c020                TIM6_CR2_fields
 .rodata.CAN_F25R1_fields
                0x000000000800c030      0x108 decoder/STM32F30x_decoder.o
                0x000000000800c030                CAN_F25R1_fields
 .rodata.CAN_RDL0R_fields
                0x000000000800c138       0x28 decoder/STM32F30x_decoder.o
                0x000000000800c138                CAN_RDL0R_fields
 .rodata.USART1_registers
                0x000000000800c160       0x90 decoder/STM32F30x_decoder.o
                0x000000000800c160                USART1_registers
 .rodata.DAC_SWTRIGR_fields
                0x000000000800c1f0       0x18 decoder/STM32F30x_decoder.o
                0x000000000800c1f0                DAC_SWTRIGR_fields
 .rodata.CAN_F12R2_fields
                0x000000000800c208      0x108 decoder/STM32F30x_decoder.o
                0x000000000800c208                CAN_F12R2_fields
 .rodata.RTC_BKP4R_fields
                0x000000000800c310       0x10 decoder/STM32F30x_decoder.o
                0x000000000800c310                RTC_BKP4R_fields
 .rodata.RTC_TAFCR_fields
                0x000000000800c320       0x98 decoder/STM32F30x_decoder.o
                0x000000000800c320                RTC_TAFCR_fields
 .rodata.TIM17_ARR_fields
                0x000000000800c3b8       0x10 decoder/STM32F30x_decoder.o
                0x000000000800c3b8                TIM17_ARR_fields
 .rodata.CAN_F16R2_fields
                0x000000000800c3c8      0x108 decoder/STM32F30x_decoder.o
                0x000000000800c3c8                CAN_F16R2_fields
 .rodata.USART1_ICR_fields
                0x000000000800c4d0       0x68 decoder/STM32F30x_decoder.o
                0x000000000800c4d0                USART1_ICR_fields
 .rodata.NVIC_IPR6_fields
                0x000000000800c538       0x28 decoder/STM32F30x_decoder.o
                0x000000000800c538                NVIC_IPR6_fields
 .rodata.TIM15_CCMR1_Input_fields
                0x000000000800c560       0x38 decoder/STM32F30x_decoder.o
                0x000000000800c560                TIM15_CCMR1_Input_fields
 .rodata.DAC_DHR12R2_fields
                0x000000000800c598       0x10 decoder/STM32F30x_decoder.o
                0x000000000800c598                DAC_DHR12R2_fields
 .rodata.RCC_AHBENR_fields
                0x000000000800c5a8       0x78 decoder/STM32F30x_decoder.o
                0x000000000800c5a8                RCC_AHBENR_fields
 .rodata.RTC_BKP14R_fields
                0x000000000800c620       0x10 decoder/STM32F30x_decoder.o
                0x000000000800c620                RTC_BKP14R_fields
 .rodata.CAN_F20R1_fields
                0x000000000800c630      0x108 decoder/STM32F30x_decoder.o
                0x000000000800c630                CAN_F20R1_fields
 .rodata.CAN_F27R2_fields
                0x000000000800c738      0x108 decoder/STM32F30x_decoder.o
                0x000000000800c738                CAN_F27R2_fields
 .rodata.TIM6_SR_fields
                0x000000000800c840       0x10 decoder/STM32F30x_decoder.o
                0x000000000800c840                TIM6_SR_fields
 .rodata.RCC_CIR_fields
                0x000000000800c850       0x90 decoder/STM32F30x_decoder.o
                0x000000000800c850                RCC_CIR_fields
 .rodata.CAN_TDH1R_fields
                0x000000000800c8e0       0x28 decoder/STM32F30x_decoder.o
                0x000000000800c8e0                CAN_TDH1R_fields
 .rodata.NVIC_IPR9_fields
                0x000000000800c908       0x28 decoder/STM32F30x_decoder.o
                0x000000000800c908                NVIC_IPR9_fields
 .rodata.TIM8_CCER_fields